══════════════════════════════════════════
[4/9] PPO_CPU  seed=42  device=cpu
started: 2026年 07月 28日 星期二 23:00:33 CST
run_tag: PPO_CPU-20260728_211032-seed42
══════════════════════════════════════════
CUDA available: NVIDIA GeForce RTX 4070 Laptop GPU

=== Training variant: mlp ===
Using cpu device
mlp before training: mean_reward=-149.78 +/- 77.87
Logging to runs/lunarlander_ppo_parallel/PPO_CPU-20260728_211032-seed42/mlp_1
Eval num_timesteps=32768, episode_reward=-49.11 +/- 121.74
Episode length: 97.20 +/- 41.16
------------------------------------------
| eval/                   |              |
|    mean_ep_length       | 97.2         |
|    mean_reward          | -49.1        |
| time/                   |              |
|    total_timesteps      | 32768        |
| train/                  |              |
|    approx_kl            | 0.0052197655 |
|    clip_fraction        | 0.0539       |
|    clip_range           | 0.2          |
|    entropy_loss         | -2.86        |
|    explained_variance   | 0.000405     |
|    learning_rate        | 0.0003       |
|    loss                 | 2.73e+03     |
|    n_updates            | 4            |
|    policy_gradient_loss | -0.0056      |
|    std                  | 1.01         |
|    value_loss           | 6.16e+03     |
------------------------------------------
New best mean reward!
Eval num_timesteps=65536, episode_reward=-231.42 +/- 89.79
Episode length: 128.10 +/- 37.28
-----------------------------------------
| eval/                   |             |
|    mean_ep_length       | 128         |
|    mean_reward          | -231        |
| time/                   |             |
|    total_timesteps      | 65536       |
| train/                  |             |
|    approx_kl            | 0.006481514 |
|    clip_fraction        | 0.0462      |
|    clip_range           | 0.2         |
|    entropy_loss         | -2.89       |
|    explained_variance   | -0.000422   |
|    learning_rate        | 0.0003      |
|    loss                 | 653         |
|    n_updates            | 12          |
|    policy_gradient_loss | -0.00251    |
|    std                  | 1.03        |
|    value_loss           | 1.53e+03    |
-----------------------------------------
---------------------------------
| rollout/           |          |
|    ep_len_mean     | 129      |
|    ep_rew_mean     | -119     |
| time/              |          |
|    fps             | 5506     |
|    iterations      | 4        |
|    time_elapsed    | 11       |
|    total_timesteps | 65536    |
---------------------------------
Eval num_timesteps=98304, episode_reward=-225.60 +/- 33.62
Episode length: 124.20 +/- 35.16
------------------------------------------
| eval/                   |              |
|    mean_ep_length       | 124          |
|    mean_reward          | -226         |
| time/                   |              |
|    total_timesteps      | 98304        |
| train/                  |              |
|    approx_kl            | 0.0046849544 |
|    clip_fraction        | 0.0521       |
|    clip_range           | 0.2          |
|    entropy_loss         | -2.89        |
|    explained_variance   | 3.47e-05     |
|    learning_rate        | 0.0003       |
|    loss                 | 219          |
|    n_updates            | 20           |
|    policy_gradient_loss | -0.00463     |
|    std                  | 1.03         |
|    value_loss           | 515          |
------------------------------------------
Eval num_timesteps=131072, episode_reward=-136.65 +/- 95.72
Episode length: 176.80 +/- 78.18
----------------------------------------
| eval/                   |            |
|    mean_ep_length       | 177        |
|    mean_reward          | -137       |
| time/                   |            |
|    total_timesteps      | 131072     |
| train/                  |            |
|    approx_kl            | 0.00440825 |
|    clip_fraction        | 0.0248     |
|    clip_range           | 0.2        |
|    entropy_loss         | -2.9       |
|    explained_variance   | 0.23       |
|    learning_rate        | 0.0003     |
|    loss                 | 151        |
|    n_updates            | 28         |
|    policy_gradient_loss | -0.0034    |
|    std                  | 1.03       |
|    value_loss           | 297        |
----------------------------------------
---------------------------------
| rollout/           |          |
|    ep_len_mean     | 151      |
|    ep_rew_mean     | -32.9    |
| time/              |          |
|    fps             | 5015     |
|    iterations      | 8        |
|    time_elapsed    | 26       |
|    total_timesteps | 131072   |
---------------------------------
Eval num_timesteps=163840, episode_reward=-93.06 +/- 90.76
Episode length: 234.60 +/- 201.00
-----------------------------------------
| eval/                   |             |
|    mean_ep_length       | 235         |
|    mean_reward          | -93.1       |
| time/                   |             |
|    total_timesteps      | 163840      |
| train/                  |             |
|    approx_kl            | 0.003350766 |
|    clip_fraction        | 0.0262      |
|    clip_range           | 0.2         |
|    entropy_loss         | -2.92       |
|    explained_variance   | 0.4         |
|    learning_rate        | 0.0003      |
|    loss                 | 187         |
|    n_updates            | 36          |
|    policy_gradient_loss | -0.00216    |
|    std                  | 1.04        |
|    value_loss           | 381         |
-----------------------------------------
Eval num_timesteps=196608, episode_reward=23.46 +/- 149.37
Episode length: 318.60 +/- 160.54
------------------------------------------
| eval/                   |              |
|    mean_ep_length       | 319          |
|    mean_reward          | 23.5         |
| time/                   |              |
|    total_timesteps      | 196608       |
| train/                  |              |
|    approx_kl            | 0.0047959783 |
|    clip_fraction        | 0.0387       |
|    clip_range           | 0.2          |
|    entropy_loss         | -2.91        |
|    explained_variance   | 0.439        |
|    learning_rate        | 0.0003       |
|    loss                 | 128          |
|    n_updates            | 44           |
|    policy_gradient_loss | -0.00249     |
|    std                  | 1.03         |
|    value_loss           | 418          |
------------------------------------------
New best mean reward!
---------------------------------
| rollout/           |          |
|    ep_len_mean     | 382      |
|    ep_rew_mean     | -19.1    |
| time/              |          |
|    fps             | 4815     |
|    iterations      | 12       |
|    time_elapsed    | 40       |
|    total_timesteps | 196608   |
---------------------------------
Eval num_timesteps=229376, episode_reward=89.59 +/- 160.93
Episode length: 306.00 +/- 90.44
-----------------------------------------
| eval/                   |             |
|    mean_ep_length       | 306         |
|    mean_reward          | 89.6        |
| time/                   |             |
|    total_timesteps      | 229376      |
| train/                  |             |
|    approx_kl            | 0.004448558 |
|    clip_fraction        | 0.0348      |
|    clip_range           | 0.2         |
|    entropy_loss         | -2.91       |
|    explained_variance   | 0.747       |
|    learning_rate        | 0.0003      |
|    loss                 | 49.1        |
|    n_updates            | 52          |
|    policy_gradient_loss | -0.00142    |
|    std                  | 1.03        |
|    value_loss           | 138         |
-----------------------------------------
New best mean reward!
Eval num_timesteps=262144, episode_reward=121.38 +/- 146.82
Episode length: 288.90 +/- 122.12
------------------------------------------
| eval/                   |              |
|    mean_ep_length       | 289          |
|    mean_reward          | 121          |
| time/                   |              |
|    total_timesteps      | 262144       |
| train/                  |              |
|    approx_kl            | 0.0046037342 |
|    clip_fraction        | 0.0387       |
|    clip_range           | 0.2          |
|    entropy_loss         | -2.9         |
|    explained_variance   | 0.867        |
|    learning_rate        | 0.0003       |
|    loss                 | 88.4         |
|    n_updates            | 60           |
|    policy_gradient_loss | -0.00171     |
|    std                  | 1.03         |
|    value_loss           | 142          |
------------------------------------------
New best mean reward!
---------------------------------
| rollout/           |          |
|    ep_len_mean     | 599      |
|    ep_rew_mean     | 15.1     |
| time/              |          |
|    fps             | 4723     |
|    iterations      | 16       |
|    time_elapsed    | 55       |
|    total_timesteps | 262144   |
---------------------------------
Eval num_timesteps=294912, episode_reward=215.99 +/- 101.60
Episode length: 295.70 +/- 50.47
------------------------------------------
| eval/                   |              |
|    mean_ep_length       | 296          |
|    mean_reward          | 216          |
| time/                   |              |
|    total_timesteps      | 294912       |
| train/                  |              |
|    approx_kl            | 0.0045460095 |
|    clip_fraction        | 0.0366       |
|    clip_range           | 0.2          |
|    entropy_loss         | -2.91        |
|    explained_variance   | 0.926        |
|    learning_rate        | 0.0003       |
|    loss                 | 97.3         |
|    n_updates            | 68           |
|    policy_gradient_loss | -0.00133     |
|    std                  | 1.04         |
|    value_loss           | 97.3         |
------------------------------------------
New best mean reward!
Eval num_timesteps=327680, episode_reward=243.41 +/- 36.26
Episode length: 280.20 +/- 24.77
-----------------------------------------
| eval/                   |             |
|    mean_ep_length       | 280         |
|    mean_reward          | 243         |
| time/                   |             |
|    total_timesteps      | 327680      |
| train/                  |             |
|    approx_kl            | 0.003715694 |
|    clip_fraction        | 0.0328      |
|    clip_range           | 0.2         |
|    entropy_loss         | -2.89       |
|    explained_variance   | 0.923       |
|    learning_rate        | 0.0003      |
|    loss                 | 42          |
|    n_updates            | 76          |
|    policy_gradient_loss | -0.000537   |
|    std                  | 1.03        |
|    value_loss           | 111         |
-----------------------------------------
New best mean reward!
---------------------------------
| rollout/           |          |
|    ep_len_mean     | 711      |
|    ep_rew_mean     | 40.6     |
| time/              |          |
|    fps             | 4664     |
|    iterations      | 20       |
|    time_elapsed    | 70       |
|    total_timesteps | 327680   |
---------------------------------
Eval num_timesteps=360448, episode_reward=204.02 +/- 87.88
Episode length: 369.10 +/- 116.25
------------------------------------------
| eval/                   |              |
|    mean_ep_length       | 369          |
|    mean_reward          | 204          |
| time/                   |              |
|    total_timesteps      | 360448       |
| train/                  |              |
|    approx_kl            | 0.0027109282 |
|    clip_fraction        | 0.0343       |
|    clip_range           | 0.2          |
|    entropy_loss         | -2.88        |
|    explained_variance   | 0.948        |
|    learning_rate        | 0.0003       |
|    loss                 | 66.9         |
|    n_updates            | 84           |
|    policy_gradient_loss | -0.000277    |
|    std                  | 1.02         |
|    value_loss           | 72.4         |
------------------------------------------
Eval num_timesteps=393216, episode_reward=218.38 +/- 57.29
Episode length: 291.90 +/- 27.36
------------------------------------------
| eval/                   |              |
|    mean_ep_length       | 292          |
|    mean_reward          | 218          |
| time/                   |              |
|    total_timesteps      | 393216       |
| train/                  |              |
|    approx_kl            | 0.0062770844 |
|    clip_fraction        | 0.0805       |
|    clip_range           | 0.2          |
|    entropy_loss         | -2.87        |
|    explained_variance   | 0.984        |
|    learning_rate        | 0.0003       |
|    loss                 | 4.87         |
|    n_updates            | 92           |
|    policy_gradient_loss | -0.00215     |
|    std                  | 1.02         |
|    value_loss           | 13.4         |
------------------------------------------
---------------------------------
| rollout/           |          |
|    ep_len_mean     | 840      |
|    ep_rew_mean     | 71.9     |
| time/              |          |
|    fps             | 4623     |
|    iterations      | 24       |
|    time_elapsed    | 85       |
|    total_timesteps | 393216   |
---------------------------------
Eval num_timesteps=425984, episode_reward=224.76 +/- 93.15
Episode length: 280.70 +/- 35.37
-----------------------------------------
| eval/                   |             |
|    mean_ep_length       | 281         |
|    mean_reward          | 225         |
| time/                   |             |
|    total_timesteps      | 425984      |
| train/                  |             |
|    approx_kl            | 0.005150536 |
|    clip_fraction        | 0.0478      |
|    clip_range           | 0.2         |
|    entropy_loss         | -2.85       |
|    explained_variance   | 0.976       |
|    learning_rate        | 0.0003      |
|    loss                 | 17.4        |
|    n_updates            | 100         |
|    policy_gradient_loss | -0.000958   |
|    std                  | 1           |
|    value_loss           | 28.1        |
-----------------------------------------
Eval num_timesteps=458752, episode_reward=193.00 +/- 90.93
Episode length: 265.80 +/- 23.98
------------------------------------------
| eval/                   |              |
|    mean_ep_length       | 266          |
|    mean_reward          | 193          |
| time/                   |              |
|    total_timesteps      | 458752       |
| train/                  |              |
|    approx_kl            | 0.0054749306 |
|    clip_fraction        | 0.0517       |
|    clip_range           | 0.2          |
|    entropy_loss         | -2.8         |
|    explained_variance   | 0.988        |
|    learning_rate        | 0.0003       |
|    loss                 | 12.3         |
|    n_updates            | 108          |
|    policy_gradient_loss | -0.000826    |
|    std                  | 0.975        |
|    value_loss           | 17           |
------------------------------------------
---------------------------------
| rollout/           |          |
|    ep_len_mean     | 911      |
|    ep_rew_mean     | 99.5     |
| time/              |          |
|    fps             | 4606     |
|    iterations      | 28       |
|    time_elapsed    | 99       |
|    total_timesteps | 458752   |
---------------------------------
Eval num_timesteps=491520, episode_reward=160.11 +/- 126.97
Episode length: 240.70 +/- 40.73
-----------------------------------------
| eval/                   |             |
|    mean_ep_length       | 241         |
|    mean_reward          | 160         |
| time/                   |             |
|    total_timesteps      | 491520      |
| train/                  |             |
|    approx_kl            | 0.003324617 |
|    clip_fraction        | 0.0295      |
|    clip_range           | 0.2         |
|    entropy_loss         | -2.79       |
|    explained_variance   | 0.976       |
|    learning_rate        | 0.0003      |
|    loss                 | 29.7        |
|    n_updates            | 116         |
|    policy_gradient_loss | -0.000743   |
|    std                  | 0.983       |
|    value_loss           | 39.6        |
-----------------------------------------
Eval num_timesteps=524288, episode_reward=203.58 +/- 95.07
Episode length: 258.20 +/- 33.18
-----------------------------------------
| eval/                   |             |
|    mean_ep_length       | 258         |
|    mean_reward          | 204         |
| time/                   |             |
|    total_timesteps      | 524288      |
| train/                  |             |
|    approx_kl            | 0.004381783 |
|    clip_fraction        | 0.0384      |
|    clip_range           | 0.2         |
|    entropy_loss         | -2.79       |
|    explained_variance   | 0.972       |
|    learning_rate        | 0.0003      |
|    loss                 | 63.8        |
|    n_updates            | 124         |
|    policy_gradient_loss | -0.00079    |
|    std                  | 0.979       |
|    value_loss           | 39.7        |
-----------------------------------------
---------------------------------
| rollout/           |          |
|    ep_len_mean     | 702      |
|    ep_rew_mean     | 93.6     |
| time/              |          |
|    fps             | 4589     |
|    iterations      | 32       |
|    time_elapsed    | 114      |
|    total_timesteps | 524288   |
---------------------------------
Eval num_timesteps=557056, episode_reward=258.61 +/- 71.06
Episode length: 269.30 +/- 25.14
------------------------------------------
| eval/                   |              |
|    mean_ep_length       | 269          |
|    mean_reward          | 259          |
| time/                   |              |
|    total_timesteps      | 557056       |
| train/                  |              |
|    approx_kl            | 0.0040287124 |
|    clip_fraction        | 0.0322       |
|    clip_range           | 0.2          |
|    entropy_loss         | -2.78        |
|    explained_variance   | 0.976        |
|    learning_rate        | 0.0003       |
|    loss                 | 11.6         |
|    n_updates            | 132          |
|    policy_gradient_loss | -0.000789    |
|    std                  | 0.971        |
|    value_loss           | 30.9         |
------------------------------------------
New best mean reward!
Eval num_timesteps=589824, episode_reward=229.54 +/- 103.81
Episode length: 266.60 +/- 34.90
-----------------------------------------
| eval/                   |             |
|    mean_ep_length       | 267         |
|    mean_reward          | 230         |
| time/                   |             |
|    total_timesteps      | 589824      |
| train/                  |             |
|    approx_kl            | 0.005351141 |
|    clip_fraction        | 0.0511      |
|    clip_range           | 0.2         |
|    entropy_loss         | -2.79       |
|    explained_variance   | 0.969       |
|    learning_rate        | 0.0003      |
|    loss                 | 19.6        |
|    n_updates            | 140         |
|    policy_gradient_loss | -0.000672   |
|    std                  | 0.984       |
|    value_loss           | 34          |
-----------------------------------------
---------------------------------
| rollout/           |          |
|    ep_len_mean     | 730      |
|    ep_rew_mean     | 106      |
| time/              |          |
|    fps             | 4580     |
|    iterations      | 36       |
|    time_elapsed    | 128      |
|    total_timesteps | 589824   |
---------------------------------
Eval num_timesteps=622592, episode_reward=223.27 +/- 101.04
Episode length: 264.80 +/- 31.75
------------------------------------------
| eval/                   |              |
|    mean_ep_length       | 265          |
|    mean_reward          | 223          |
| time/                   |              |
|    total_timesteps      | 622592       |
| train/                  |              |
|    approx_kl            | 0.0037526481 |
|    clip_fraction        | 0.0336       |
|    clip_range           | 0.2          |
|    entropy_loss         | -2.76        |
|    explained_variance   | 0.982        |
|    learning_rate        | 0.0003       |
|    loss                 | 17           |
|    n_updates            | 148          |
|    policy_gradient_loss | 0.000324     |
|    std                  | 0.963        |
|    value_loss           | 27.4         |
------------------------------------------
Eval num_timesteps=655360, episode_reward=246.61 +/- 64.72
Episode length: 254.30 +/- 17.42
------------------------------------------
| eval/                   |              |
|    mean_ep_length       | 254          |
|    mean_reward          | 247          |
| time/                   |              |
|    total_timesteps      | 655360       |
| train/                  |              |
|    approx_kl            | 0.0038245926 |
|    clip_fraction        | 0.0342       |
|    clip_range           | 0.2          |
|    entropy_loss         | -2.77        |
|    explained_variance   | 0.981        |
|    learning_rate        | 0.0003       |
|    loss                 | 2.86         |
|    n_updates            | 156          |
|    policy_gradient_loss | -0.000532    |
|    std                  | 0.975        |
|    value_loss           | 26.7         |
------------------------------------------
---------------------------------
| rollout/           |          |
|    ep_len_mean     | 846      |
|    ep_rew_mean     | 124      |
| time/              |          |
|    fps             | 4579     |
|    iterations      | 40       |
|    time_elapsed    | 143      |
|    total_timesteps | 655360   |
---------------------------------
Eval num_timesteps=688128, episode_reward=229.73 +/- 89.12
Episode length: 258.90 +/- 36.13
------------------------------------------
| eval/                   |              |
|    mean_ep_length       | 259          |
|    mean_reward          | 230          |
| time/                   |              |
|    total_timesteps      | 688128       |
| train/                  |              |
|    approx_kl            | 0.0046360083 |
|    clip_fraction        | 0.0424       |
|    clip_range           | 0.2          |
|    entropy_loss         | -2.76        |
|    explained_variance   | 0.99         |
|    learning_rate        | 0.0003       |
|    loss                 | 0.906        |
|    n_updates            | 164          |
|    policy_gradient_loss | -4.33e-05    |
|    std                  | 0.968        |
|    value_loss           | 11.2         |
------------------------------------------
Eval num_timesteps=720896, episode_reward=233.47 +/- 64.90
Episode length: 291.90 +/- 58.87
------------------------------------------
| eval/                   |              |
|    mean_ep_length       | 292          |
|    mean_reward          | 233          |
| time/                   |              |
|    total_timesteps      | 720896       |
| train/                  |              |
|    approx_kl            | 0.0039866166 |
|    clip_fraction        | 0.0348       |
|    clip_range           | 0.2          |
|    entropy_loss         | -2.77        |
|    explained_variance   | 0.985        |
|    learning_rate        | 0.0003       |
|    loss                 | 3.87         |
|    n_updates            | 172          |
|    policy_gradient_loss | -0.000403    |
|    std                  | 0.967        |
|    value_loss           | 20.5         |
------------------------------------------
---------------------------------
| rollout/           |          |
|    ep_len_mean     | 869      |
|    ep_rew_mean     | 135      |
| time/              |          |
|    fps             | 4574     |
|    iterations      | 44       |
|    time_elapsed    | 157      |
|    total_timesteps | 720896   |
---------------------------------
Eval num_timesteps=753664, episode_reward=269.17 +/- 19.04
Episode length: 250.80 +/- 16.49
------------------------------------------
| eval/                   |              |
|    mean_ep_length       | 251          |
|    mean_reward          | 269          |
| time/                   |              |
|    total_timesteps      | 753664       |
| train/                  |              |
|    approx_kl            | 0.0048613795 |
|    clip_fraction        | 0.0479       |
|    clip_range           | 0.2          |
|    entropy_loss         | -2.78        |
|    explained_variance   | 0.994        |
|    learning_rate        | 0.0003       |
|    loss                 | 1.54         |
|    n_updates            | 180          |
|    policy_gradient_loss | 0.00114      |
|    std                  | 0.978        |
|    value_loss           | 4.72         |
------------------------------------------
New best mean reward!
Eval num_timesteps=786432, episode_reward=259.51 +/- 18.38
Episode length: 274.70 +/- 25.76
-----------------------------------------
| eval/                   |             |
|    mean_ep_length       | 275         |
|    mean_reward          | 260         |
| time/                   |             |
|    total_timesteps      | 786432      |
| train/                  |             |
|    approx_kl            | 0.004507296 |
|    clip_fraction        | 0.0369      |
|    clip_range           | 0.2         |
|    entropy_loss         | -2.76       |
|    explained_variance   | 0.99        |
|    learning_rate        | 0.0003      |
|    loss                 | 9.77        |
|    n_updates            | 188         |
|    policy_gradient_loss | -0.00061    |
|    std                  | 0.972       |
|    value_loss           | 12.8        |
-----------------------------------------
---------------------------------
| rollout/           |          |
|    ep_len_mean     | 918      |
|    ep_rew_mean     | 144      |
| time/              |          |
|    fps             | 4568     |
|    iterations      | 48       |
|    time_elapsed    | 172      |
|    total_timesteps | 786432   |
---------------------------------
Eval num_timesteps=819200, episode_reward=243.50 +/- 63.67
Episode length: 271.30 +/- 57.24
------------------------------------------
| eval/                   |              |
|    mean_ep_length       | 271          |
|    mean_reward          | 244          |
| time/                   |              |
|    total_timesteps      | 819200       |
| train/                  |              |
|    approx_kl            | 0.0043235295 |
|    clip_fraction        | 0.0517       |
|    clip_range           | 0.2          |
|    entropy_loss         | -2.74        |
|    explained_variance   | 0.994        |
|    learning_rate        | 0.0003       |
|    loss                 | 0.73         |
|    n_updates            | 196          |
|    policy_gradient_loss | -0.000633    |
|    std                  | 0.965        |
|    value_loss           | 9.12         |
------------------------------------------
Eval num_timesteps=851968, episode_reward=277.49 +/- 24.10
Episode length: 252.00 +/- 19.32
-----------------------------------------
| eval/                   |             |
|    mean_ep_length       | 252         |
|    mean_reward          | 277         |
| time/                   |             |
|    total_timesteps      | 851968      |
| train/                  |             |
|    approx_kl            | 0.006276653 |
|    clip_fraction        | 0.0641      |
|    clip_range           | 0.2         |
|    entropy_loss         | -2.72       |
|    explained_variance   | 0.999       |
|    learning_rate        | 0.0003      |
|    loss                 | 1.04        |
|    n_updates            | 204         |
|    policy_gradient_loss | -0.0015     |
|    std                  | 0.95        |
|    value_loss           | 1.56        |
-----------------------------------------
New best mean reward!
---------------------------------
| rollout/           |          |
|    ep_len_mean     | 943      |
|    ep_rew_mean     | 147      |
| time/              |          |
|    fps             | 4564     |
|    iterations      | 52       |
|    time_elapsed    | 186      |
|    total_timesteps | 851968   |
---------------------------------
Eval num_timesteps=884736, episode_reward=275.90 +/- 24.91
Episode length: 265.90 +/- 45.21
------------------------------------------
| eval/                   |              |
|    mean_ep_length       | 266          |
|    mean_reward          | 276          |
| time/                   |              |
|    total_timesteps      | 884736       |
| train/                  |              |
|    approx_kl            | 0.0057337633 |
|    clip_fraction        | 0.0437       |
|    clip_range           | 0.2          |
|    entropy_loss         | -2.7         |
|    explained_variance   | 0.989        |
|    learning_rate        | 0.0003       |
|    loss                 | 2.41         |
|    n_updates            | 212          |
|    policy_gradient_loss | -0.000818    |
|    std                  | 0.932        |
|    value_loss           | 20.1         |
------------------------------------------
Eval num_timesteps=917504, episode_reward=267.27 +/- 23.75
Episode length: 280.70 +/- 74.43
------------------------------------------
| eval/                   |              |
|    mean_ep_length       | 281          |
|    mean_reward          | 267          |
| time/                   |              |
|    total_timesteps      | 917504       |
| train/                  |              |
|    approx_kl            | 0.0029078776 |
|    clip_fraction        | 0.0241       |
|    clip_range           | 0.2          |
|    entropy_loss         | -2.69        |
|    explained_variance   | 0.962        |
|    learning_rate        | 0.0003       |
|    loss                 | 11.8         |
|    n_updates            | 220          |
|    policy_gradient_loss | -0.00202     |
|    std                  | 0.947        |
|    value_loss           | 74.4         |
------------------------------------------
---------------------------------
| rollout/           |          |
|    ep_len_mean     | 833      |
|    ep_rew_mean     | 136      |
| time/              |          |
|    fps             | 4557     |
|    iterations      | 56       |
|    time_elapsed    | 201      |
|    total_timesteps | 917504   |
---------------------------------
Eval num_timesteps=950272, episode_reward=274.58 +/- 16.70
Episode length: 256.60 +/- 20.77
------------------------------------------
| eval/                   |              |
|    mean_ep_length       | 257          |
|    mean_reward          | 275          |
| time/                   |              |
|    total_timesteps      | 950272       |
| train/                  |              |
|    approx_kl            | 0.0051615867 |
|    clip_fraction        | 0.0667       |
|    clip_range           | 0.2          |
|    entropy_loss         | -2.71        |
|    explained_variance   | 0.997        |
|    learning_rate        | 0.0003       |
|    loss                 | 0.28         |
|    n_updates            | 228          |
|    policy_gradient_loss | 0.000587     |
|    std                  | 0.949        |
|    value_loss           | 1.94         |
------------------------------------------
Eval num_timesteps=983040, episode_reward=264.36 +/- 18.96
Episode length: 251.00 +/- 17.83
------------------------------------------
| eval/                   |              |
|    mean_ep_length       | 251          |
|    mean_reward          | 264          |
| time/                   |              |
|    total_timesteps      | 983040       |
| train/                  |              |
|    approx_kl            | 0.0056869294 |
|    clip_fraction        | 0.0562       |
|    clip_range           | 0.2          |
|    entropy_loss         | -2.72        |
|    explained_variance   | 0.972        |
|    learning_rate        | 0.0003       |
|    loss                 | 4.74         |
|    n_updates            | 236          |
|    policy_gradient_loss | -0.000534    |
|    std                  | 0.958        |
|    value_loss           | 40.3         |
------------------------------------------
---------------------------------
| rollout/           |          |
|    ep_len_mean     | 885      |
|    ep_rew_mean     | 142      |
| time/              |          |
|    fps             | 4552     |
|    iterations      | 60       |
|    time_elapsed    | 215      |
|    total_timesteps | 983040   |
---------------------------------
Eval num_timesteps=1015808, episode_reward=243.38 +/- 76.99
Episode length: 272.70 +/- 59.64
----------------------------------------
| eval/                   |            |
|    mean_ep_length       | 273        |
|    mean_reward          | 243        |
| time/                   |            |
|    total_timesteps      | 1015808    |
| train/                  |            |
|    approx_kl            | 0.00506536 |
|    clip_fraction        | 0.0386     |
|    clip_range           | 0.2        |
|    entropy_loss         | -2.73      |
|    explained_variance   | 0.985      |
|    learning_rate        | 0.0003     |
|    loss                 | 47.7       |
|    n_updates            | 244        |
|    policy_gradient_loss | 0.000377   |
|    std                  | 0.955      |
|    value_loss           | 25.8       |
----------------------------------------
Eval num_timesteps=1048576, episode_reward=223.09 +/- 96.54
Episode length: 238.80 +/- 29.22
-----------------------------------------
| eval/                   |             |
|    mean_ep_length       | 239         |
|    mean_reward          | 223         |
| time/                   |             |
|    total_timesteps      | 1048576     |
| train/                  |             |
|    approx_kl            | 0.003114094 |
|    clip_fraction        | 0.0328      |
|    clip_range           | 0.2         |
|    entropy_loss         | -2.74       |
|    explained_variance   | 0.976       |
|    learning_rate        | 0.0003      |
|    loss                 | 29.7        |
|    n_updates            | 252         |
|    policy_gradient_loss | -0.000599   |
|    std                  | 0.96        |
|    value_loss           | 36.9        |
-----------------------------------------
---------------------------------
| rollout/           |          |
|    ep_len_mean     | 908      |
|    ep_rew_mean     | 145      |
| time/              |          |
|    fps             | 4547     |
|    iterations      | 64       |
|    time_elapsed    | 230      |
|    total_timesteps | 1048576  |
---------------------------------
Wrapping the env in a DummyVecEnv.
mlp after training: mean_reward=251.65 +/- 72.53

=== Experiment complete ===
Summary: outputs/lunarlander_ppo_parallel/PPO_CPU-20260728_211032-seed42/experiment_summary_mlp.json
mlp: final=251.65, best_eval=277.48835009999993
/home/leopold/anaconda3/envs/sac_sb3_demo/lib/python3.12/site-packages/pygame/pkgdata.py:25: UserWarning: pkg_resources is deprecated as an API. See https://setuptools.pypa.io/en/latest/pkg_resources.html. The pkg_resources package is slated for removal as early as 2025-11-30. Refrain from using this package or pin to Setuptools<81.
  from pkg_resources import resource_stream, resource_exists
/home/leopold/anaconda3/envs/sac_sb3_demo/lib/python3.12/site-packages/pygame/pkgdata.py:25: UserWarning: pkg_resources is deprecated as an API. See https://setuptools.pypa.io/en/latest/pkg_resources.html. The pkg_resources package is slated for removal as early as 2025-11-30. Refrain from using this package or pin to Setuptools<81.
  from pkg_resources import resource_stream, resource_exists
/home/leopold/anaconda3/envs/sac_sb3_demo/lib/python3.12/site-packages/pygame/pkgdata.py:25: UserWarning: pkg_resources is deprecated as an API. See https://setuptools.pypa.io/en/latest/pkg_resources.html. The pkg_resources package is slated for removal as early as 2025-11-30. Refrain from using this package or pin to Setuptools<81.
  from pkg_resources import resource_stream, resource_exists
/home/leopold/anaconda3/envs/sac_sb3_demo/lib/python3.12/site-packages/pygame/pkgdata.py:25: UserWarning: pkg_resources is deprecated as an API. See https://setuptools.pypa.io/en/latest/pkg_resources.html. The pkg_resources package is slated for removal as early as 2025-11-30. Refrain from using this package or pin to Setuptools<81.
  from pkg_resources import resource_stream, resource_exists
/home/leopold/anaconda3/envs/sac_sb3_demo/lib/python3.12/site-packages/pygame/pkgdata.py:25: UserWarning: pkg_resources is deprecated as an API. See https://setuptools.pypa.io/en/latest/pkg_resources.html. The pkg_resources package is slated for removal as early as 2025-11-30. Refrain from using this package or pin to Setuptools<81.
  from pkg_resources import resource_stream, resource_exists
/home/leopold/anaconda3/envs/sac_sb3_demo/lib/python3.12/site-packages/pygame/pkgdata.py:25: UserWarning: pkg_resources is deprecated as an API. See https://setuptools.pypa.io/en/latest/pkg_resources.html. The pkg_resources package is slated for removal as early as 2025-11-30. Refrain from using this package or pin to Setuptools<81.
  from pkg_resources import resource_stream, resource_exists
/home/leopold/anaconda3/envs/sac_sb3_demo/lib/python3.12/site-packages/pygame/pkgdata.py:25: UserWarning: pkg_resources is deprecated as an API. See https://setuptools.pypa.io/en/latest/pkg_resources.html. The pkg_resources package is slated for removal as early as 2025-11-30. Refrain from using this package or pin to Setuptools<81.
  from pkg_resources import resource_stream, resource_exists
/home/leopold/anaconda3/envs/sac_sb3_demo/lib/python3.12/site-packages/pygame/pkgdata.py:25: UserWarning: pkg_resources is deprecated as an API. See https://setuptools.pypa.io/en/latest/pkg_resources.html. The pkg_resources package is slated for removal as early as 2025-11-30. Refrain from using this package or pin to Setuptools<81.
  from pkg_resources import resource_stream, resource_exists
/home/leopold/anaconda3/envs/sac_sb3_demo/lib/python3.12/site-packages/pygame/pkgdata.py:25: UserWarning: pkg_resources is deprecated as an API. See https://setuptools.pypa.io/en/latest/pkg_resources.html. The pkg_resources package is slated for removal as early as 2025-11-30. Refrain from using this package or pin to Setuptools<81.
  from pkg_resources import resource_stream, resource_exists
/home/leopold/anaconda3/envs/sac_sb3_demo/lib/python3.12/site-packages/pygame/pkgdata.py:25: UserWarning: pkg_resources is deprecated as an API. See https://setuptools.pypa.io/en/latest/pkg_resources.html. The pkg_resources package is slated for removal as early as 2025-11-30. Refrain from using this package or pin to Setuptools<81.
  from pkg_resources import resource_stream, resource_exists
/home/leopold/anaconda3/envs/sac_sb3_demo/lib/python3.12/site-packages/pygame/pkgdata.py:25: UserWarning: pkg_resources is deprecated as an API. See https://setuptools.pypa.io/en/latest/pkg_resources.html. The pkg_resources package is slated for removal as early as 2025-11-30. Refrain from using this package or pin to Setuptools<81.
  from pkg_resources import resource_stream, resource_exists
/home/leopold/anaconda3/envs/sac_sb3_demo/lib/python3.12/site-packages/pygame/pkgdata.py:25: UserWarning: pkg_resources is deprecated as an API. See https://setuptools.pypa.io/en/latest/pkg_resources.html. The pkg_resources package is slated for removal as early as 2025-11-30. Refrain from using this package or pin to Setuptools<81.
  from pkg_resources import resource_stream, resource_exists
/home/leopold/anaconda3/envs/sac_sb3_demo/lib/python3.12/site-packages/pygame/pkgdata.py:25: UserWarning: pkg_resources is deprecated as an API. See https://setuptools.pypa.io/en/latest/pkg_resources.html. The pkg_resources package is slated for removal as early as 2025-11-30. Refrain from using this package or pin to Setuptools<81.
  from pkg_resources import resource_stream, resource_exists
/home/leopold/anaconda3/envs/sac_sb3_demo/lib/python3.12/site-packages/pygame/pkgdata.py:25: UserWarning: pkg_resources is deprecated as an API. See https://setuptools.pypa.io/en/latest/pkg_resources.html. The pkg_resources package is slated for removal as early as 2025-11-30. Refrain from using this package or pin to Setuptools<81.
  from pkg_resources import resource_stream, resource_exists
/home/leopold/anaconda3/envs/sac_sb3_demo/lib/python3.12/site-packages/pygame/pkgdata.py:25: UserWarning: pkg_resources is deprecated as an API. See https://setuptools.pypa.io/en/latest/pkg_resources.html. The pkg_resources package is slated for removal as early as 2025-11-30. Refrain from using this package or pin to Setuptools<81.
  from pkg_resources import resource_stream, resource_exists
/home/leopold/anaconda3/envs/sac_sb3_demo/lib/python3.12/site-packages/pygame/pkgdata.py:25: UserWarning: pkg_resources is deprecated as an API. See https://setuptools.pypa.io/en/latest/pkg_resources.html. The pkg_resources package is slated for removal as early as 2025-11-30. Refrain from using this package or pin to Setuptools<81.
  from pkg_resources import resource_stream, resource_exists
/home/leopold/anaconda3/envs/sac_sb3_demo/lib/python3.12/site-packages/pygame/pkgdata.py:25: UserWarning: pkg_resources is deprecated as an API. See https://setuptools.pypa.io/en/latest/pkg_resources.html. The pkg_resources package is slated for removal as early as 2025-11-30. Refrain from using this package or pin to Setuptools<81.
  from pkg_resources import resource_stream, resource_exists
/home/leopold/anaconda3/envs/sac_sb3_demo/lib/python3.12/site-packages/stable_baselines3/common/callbacks.py:418: UserWarning: Training and eval env are not of the same type<stable_baselines3.common.vec_env.subproc_vec_env.SubprocVecEnv object at 0x7ba6c7552c60> != <stable_baselines3.common.vec_env.dummy_vec_env.DummyVecEnv object at 0x7ba6865a80e0>
  warnings.warn("Training and eval env are not of the same type" f"{self.training_env} != {self.eval_env}")


