══════════════════════════════════════════
[5/9] PPO_CPU  seed=123  device=cpu
started: 2026年 07月 28日 星期二 23:04:36 CST
run_tag: PPO_CPU-20260728_211032-seed123
══════════════════════════════════════════
CUDA available: NVIDIA GeForce RTX 4070 Laptop GPU

=== Training variant: mlp ===
Using cpu device
mlp before training: mean_reward=-236.52 +/- 93.25
Logging to runs/lunarlander_ppo_parallel/PPO_CPU-20260728_211032-seed123/mlp_1
Eval num_timesteps=32768, episode_reward=-77.86 +/- 38.12
Episode length: 73.20 +/- 14.08
------------------------------------------
| eval/                   |              |
|    mean_ep_length       | 73.2         |
|    mean_reward          | -77.9        |
| time/                   |              |
|    total_timesteps      | 32768        |
| train/                  |              |
|    approx_kl            | 0.0054103932 |
|    clip_fraction        | 0.0546       |
|    clip_range           | 0.2          |
|    entropy_loss         | -2.85        |
|    explained_variance   | -0.00159     |
|    learning_rate        | 0.0003       |
|    loss                 | 2.73e+03     |
|    n_updates            | 4            |
|    policy_gradient_loss | -0.00539     |
|    std                  | 1.01         |
|    value_loss           | 6.78e+03     |
------------------------------------------
New best mean reward!
Eval num_timesteps=65536, episode_reward=-163.98 +/- 115.32
Episode length: 92.60 +/- 20.17
-----------------------------------------
| eval/                   |             |
|    mean_ep_length       | 92.6        |
|    mean_reward          | -164        |
| time/                   |             |
|    total_timesteps      | 65536       |
| train/                  |             |
|    approx_kl            | 0.006243724 |
|    clip_fraction        | 0.0556      |
|    clip_range           | 0.2         |
|    entropy_loss         | -2.89       |
|    explained_variance   | -0.00245    |
|    learning_rate        | 0.0003      |
|    loss                 | 460         |
|    n_updates            | 12          |
|    policy_gradient_loss | -0.00413    |
|    std                  | 1.02        |
|    value_loss           | 1.25e+03    |
-----------------------------------------
---------------------------------
| rollout/           |          |
|    ep_len_mean     | 126      |
|    ep_rew_mean     | -136     |
| time/              |          |
|    fps             | 5621     |
|    iterations      | 4        |
|    time_elapsed    | 11       |
|    total_timesteps | 65536    |
---------------------------------
Eval num_timesteps=98304, episode_reward=-164.71 +/- 101.44
Episode length: 103.50 +/- 17.24
-----------------------------------------
| eval/                   |             |
|    mean_ep_length       | 104         |
|    mean_reward          | -165        |
| time/                   |             |
|    total_timesteps      | 98304       |
| train/                  |             |
|    approx_kl            | 0.006027512 |
|    clip_fraction        | 0.0625      |
|    clip_range           | 0.2         |
|    entropy_loss         | -2.9        |
|    explained_variance   | -0.00664    |
|    learning_rate        | 0.0003      |
|    loss                 | 342         |
|    n_updates            | 20          |
|    policy_gradient_loss | -0.00509    |
|    std                  | 1.03        |
|    value_loss           | 957         |
-----------------------------------------
Eval num_timesteps=131072, episode_reward=-90.97 +/- 64.53
Episode length: 119.70 +/- 12.11
------------------------------------------
| eval/                   |              |
|    mean_ep_length       | 120          |
|    mean_reward          | -91          |
| time/                   |              |
|    total_timesteps      | 131072       |
| train/                  |              |
|    approx_kl            | 0.0054182988 |
|    clip_fraction        | 0.0509       |
|    clip_range           | 0.2          |
|    entropy_loss         | -2.91        |
|    explained_variance   | -3.65e-05    |
|    learning_rate        | 0.0003       |
|    loss                 | 164          |
|    n_updates            | 28           |
|    policy_gradient_loss | -0.00345     |
|    std                  | 1.03         |
|    value_loss           | 374          |
------------------------------------------
---------------------------------
| rollout/           |          |
|    ep_len_mean     | 139      |
|    ep_rew_mean     | -49      |
| time/              |          |
|    fps             | 5126     |
|    iterations      | 8        |
|    time_elapsed    | 25       |
|    total_timesteps | 131072   |
---------------------------------
Eval num_timesteps=163840, episode_reward=-66.11 +/- 86.96
Episode length: 143.60 +/- 23.80
------------------------------------------
| eval/                   |              |
|    mean_ep_length       | 144          |
|    mean_reward          | -66.1        |
| time/                   |              |
|    total_timesteps      | 163840       |
| train/                  |              |
|    approx_kl            | 0.0065206024 |
|    clip_fraction        | 0.0619       |
|    clip_range           | 0.2          |
|    entropy_loss         | -2.91        |
|    explained_variance   | -5.51e-05    |
|    learning_rate        | 0.0003       |
|    loss                 | 206          |
|    n_updates            | 36           |
|    policy_gradient_loss | -0.0032      |
|    std                  | 1.04         |
|    value_loss           | 417          |
------------------------------------------
New best mean reward!
Eval num_timesteps=196608, episode_reward=65.04 +/- 122.67
Episode length: 300.20 +/- 147.46
------------------------------------------
| eval/                   |              |
|    mean_ep_length       | 300          |
|    mean_reward          | 65           |
| time/                   |              |
|    total_timesteps      | 196608       |
| train/                  |              |
|    approx_kl            | 0.0045790225 |
|    clip_fraction        | 0.0468       |
|    clip_range           | 0.2          |
|    entropy_loss         | -2.94        |
|    explained_variance   | -4.12e-05    |
|    learning_rate        | 0.0003       |
|    loss                 | 299          |
|    n_updates            | 44           |
|    policy_gradient_loss | -0.00172     |
|    std                  | 1.05         |
|    value_loss           | 524          |
------------------------------------------
New best mean reward!
---------------------------------
| rollout/           |          |
|    ep_len_mean     | 169      |
|    ep_rew_mean     | -7.63    |
| time/              |          |
|    fps             | 4917     |
|    iterations      | 12       |
|    time_elapsed    | 39       |
|    total_timesteps | 196608   |
---------------------------------
Eval num_timesteps=229376, episode_reward=19.13 +/- 154.88
Episode length: 218.20 +/- 79.94
------------------------------------------
| eval/                   |              |
|    mean_ep_length       | 218          |
|    mean_reward          | 19.1         |
| time/                   |              |
|    total_timesteps      | 229376       |
| train/                  |              |
|    approx_kl            | 0.0047254413 |
|    clip_fraction        | 0.0435       |
|    clip_range           | 0.2          |
|    entropy_loss         | -2.95        |
|    explained_variance   | -3.22e-06    |
|    learning_rate        | 0.0003       |
|    loss                 | 312          |
|    n_updates            | 52           |
|    policy_gradient_loss | -0.00144     |
|    std                  | 1.06         |
|    value_loss           | 730          |
------------------------------------------
Eval num_timesteps=262144, episode_reward=61.32 +/- 155.18
Episode length: 289.80 +/- 194.09
-----------------------------------------
| eval/                   |             |
|    mean_ep_length       | 290         |
|    mean_reward          | 61.3        |
| time/                   |             |
|    total_timesteps      | 262144      |
| train/                  |             |
|    approx_kl            | 0.004045652 |
|    clip_fraction        | 0.0361      |
|    clip_range           | 0.2         |
|    entropy_loss         | -2.95       |
|    explained_variance   | 0           |
|    learning_rate        | 0.0003      |
|    loss                 | 264         |
|    n_updates            | 60          |
|    policy_gradient_loss | -0.00132    |
|    std                  | 1.05        |
|    value_loss           | 556         |
-----------------------------------------
---------------------------------
| rollout/           |          |
|    ep_len_mean     | 273      |
|    ep_rew_mean     | 2.18     |
| time/              |          |
|    fps             | 4812     |
|    iterations      | 16       |
|    time_elapsed    | 54       |
|    total_timesteps | 262144   |
---------------------------------
Eval num_timesteps=294912, episode_reward=203.38 +/- 90.99
Episode length: 302.40 +/- 111.78
-----------------------------------------
| eval/                   |             |
|    mean_ep_length       | 302         |
|    mean_reward          | 203         |
| time/                   |             |
|    total_timesteps      | 294912      |
| train/                  |             |
|    approx_kl            | 0.003550132 |
|    clip_fraction        | 0.0285      |
|    clip_range           | 0.2         |
|    entropy_loss         | -2.93       |
|    explained_variance   | 0.000109    |
|    learning_rate        | 0.0003      |
|    loss                 | 136         |
|    n_updates            | 68          |
|    policy_gradient_loss | -0.00292    |
|    std                  | 1.05        |
|    value_loss           | 553         |
-----------------------------------------
New best mean reward!
Eval num_timesteps=327680, episode_reward=127.54 +/- 100.46
Episode length: 251.30 +/- 67.54
------------------------------------------
| eval/                   |              |
|    mean_ep_length       | 251          |
|    mean_reward          | 128          |
| time/                   |              |
|    total_timesteps      | 327680       |
| train/                  |              |
|    approx_kl            | 0.0044643646 |
|    clip_fraction        | 0.0304       |
|    clip_range           | 0.2          |
|    entropy_loss         | -2.93        |
|    explained_variance   | 0.665        |
|    learning_rate        | 0.0003       |
|    loss                 | 98.6         |
|    n_updates            | 76           |
|    policy_gradient_loss | -0.00269     |
|    std                  | 1.05         |
|    value_loss           | 248          |
------------------------------------------
---------------------------------
| rollout/           |          |
|    ep_len_mean     | 420      |
|    ep_rew_mean     | 20.1     |
| time/              |          |
|    fps             | 4749     |
|    iterations      | 20       |
|    time_elapsed    | 68       |
|    total_timesteps | 327680   |
---------------------------------
Eval num_timesteps=360448, episode_reward=122.99 +/- 152.46
Episode length: 275.40 +/- 73.37
------------------------------------------
| eval/                   |              |
|    mean_ep_length       | 275          |
|    mean_reward          | 123          |
| time/                   |              |
|    total_timesteps      | 360448       |
| train/                  |              |
|    approx_kl            | 0.0032954449 |
|    clip_fraction        | 0.0251       |
|    clip_range           | 0.2          |
|    entropy_loss         | -2.94        |
|    explained_variance   | 0.816        |
|    learning_rate        | 0.0003       |
|    loss                 | 71.5         |
|    n_updates            | 84           |
|    policy_gradient_loss | -0.000708    |
|    std                  | 1.05         |
|    value_loss           | 163          |
------------------------------------------
Eval num_timesteps=393216, episode_reward=203.07 +/- 93.41
Episode length: 269.20 +/- 48.11
------------------------------------------
| eval/                   |              |
|    mean_ep_length       | 269          |
|    mean_reward          | 203          |
| time/                   |              |
|    total_timesteps      | 393216       |
| train/                  |              |
|    approx_kl            | 0.0046062265 |
|    clip_fraction        | 0.0379       |
|    clip_range           | 0.2          |
|    entropy_loss         | -2.94        |
|    explained_variance   | 0.896        |
|    learning_rate        | 0.0003       |
|    loss                 | 53.3         |
|    n_updates            | 92           |
|    policy_gradient_loss | -0.00114     |
|    std                  | 1.05         |
|    value_loss           | 123          |
------------------------------------------
---------------------------------
| rollout/           |          |
|    ep_len_mean     | 672      |
|    ep_rew_mean     | 47.2     |
| time/              |          |
|    fps             | 4714     |
|    iterations      | 24       |
|    time_elapsed    | 83       |
|    total_timesteps | 393216   |
---------------------------------
Eval num_timesteps=425984, episode_reward=185.68 +/- 100.52
Episode length: 287.50 +/- 52.77
------------------------------------------
| eval/                   |              |
|    mean_ep_length       | 288          |
|    mean_reward          | 186          |
| time/                   |              |
|    total_timesteps      | 425984       |
| train/                  |              |
|    approx_kl            | 0.0054293326 |
|    clip_fraction        | 0.0535       |
|    clip_range           | 0.2          |
|    entropy_loss         | -2.91        |
|    explained_variance   | 0.911        |
|    learning_rate        | 0.0003       |
|    loss                 | 25.9         |
|    n_updates            | 100          |
|    policy_gradient_loss | -0.00155     |
|    std                  | 1.04         |
|    value_loss           | 117          |
------------------------------------------
Eval num_timesteps=458752, episode_reward=169.63 +/- 112.32
Episode length: 277.00 +/- 40.92
-----------------------------------------
| eval/                   |             |
|    mean_ep_length       | 277         |
|    mean_reward          | 170         |
| time/                   |             |
|    total_timesteps      | 458752      |
| train/                  |             |
|    approx_kl            | 0.004799052 |
|    clip_fraction        | 0.054       |
|    clip_range           | 0.2         |
|    entropy_loss         | -2.86       |
|    explained_variance   | 0.951       |
|    learning_rate        | 0.0003      |
|    loss                 | 25.9        |
|    n_updates            | 108         |
|    policy_gradient_loss | -0.000358   |
|    std                  | 1.01        |
|    value_loss           | 57.4        |
-----------------------------------------
---------------------------------
| rollout/           |          |
|    ep_len_mean     | 766      |
|    ep_rew_mean     | 75.4     |
| time/              |          |
|    fps             | 4679     |
|    iterations      | 28       |
|    time_elapsed    | 98       |
|    total_timesteps | 458752   |
---------------------------------
Eval num_timesteps=491520, episode_reward=168.03 +/- 122.40
Episode length: 284.30 +/- 34.14
------------------------------------------
| eval/                   |              |
|    mean_ep_length       | 284          |
|    mean_reward          | 168          |
| time/                   |              |
|    total_timesteps      | 491520       |
| train/                  |              |
|    approx_kl            | 0.0037782846 |
|    clip_fraction        | 0.0356       |
|    clip_range           | 0.2          |
|    entropy_loss         | -2.85        |
|    explained_variance   | 0.93         |
|    learning_rate        | 0.0003       |
|    loss                 | 85.1         |
|    n_updates            | 116          |
|    policy_gradient_loss | -0.000788    |
|    std                  | 1            |
|    value_loss           | 77.4         |
------------------------------------------
Eval num_timesteps=524288, episode_reward=257.30 +/- 19.15
Episode length: 340.40 +/- 76.77
------------------------------------------
| eval/                   |              |
|    mean_ep_length       | 340          |
|    mean_reward          | 257          |
| time/                   |              |
|    total_timesteps      | 524288       |
| train/                  |              |
|    approx_kl            | 0.0050397604 |
|    clip_fraction        | 0.0422       |
|    clip_range           | 0.2          |
|    entropy_loss         | -2.81        |
|    explained_variance   | 0.97         |
|    learning_rate        | 0.0003       |
|    loss                 | 14.6         |
|    n_updates            | 124          |
|    policy_gradient_loss | -0.000452    |
|    std                  | 0.985        |
|    value_loss           | 32.4         |
------------------------------------------
New best mean reward!
---------------------------------
| rollout/           |          |
|    ep_len_mean     | 869      |
|    ep_rew_mean     | 94.2     |
| time/              |          |
|    fps             | 4654     |
|    iterations      | 32       |
|    time_elapsed    | 112      |
|    total_timesteps | 524288   |
---------------------------------
Eval num_timesteps=557056, episode_reward=222.77 +/- 62.84
Episode length: 360.00 +/- 97.59
------------------------------------------
| eval/                   |              |
|    mean_ep_length       | 360          |
|    mean_reward          | 223          |
| time/                   |              |
|    total_timesteps      | 557056       |
| train/                  |              |
|    approx_kl            | 0.0050595165 |
|    clip_fraction        | 0.0432       |
|    clip_range           | 0.2          |
|    entropy_loss         | -2.8         |
|    explained_variance   | 0.963        |
|    learning_rate        | 0.0003       |
|    loss                 | 55           |
|    n_updates            | 132          |
|    policy_gradient_loss | -0.000663    |
|    std                  | 0.981        |
|    value_loss           | 41.9         |
------------------------------------------
Eval num_timesteps=589824, episode_reward=230.53 +/- 75.77
Episode length: 305.00 +/- 22.86
----------------------------------------
| eval/                   |            |
|    mean_ep_length       | 305        |
|    mean_reward          | 231        |
| time/                   |            |
|    total_timesteps      | 589824     |
| train/                  |            |
|    approx_kl            | 0.00395301 |
|    clip_fraction        | 0.0337     |
|    clip_range           | 0.2        |
|    entropy_loss         | -2.81      |
|    explained_variance   | 0.964      |
|    learning_rate        | 0.0003     |
|    loss                 | 16         |
|    n_updates            | 140        |
|    policy_gradient_loss | 0.000347   |
|    std                  | 0.982      |
|    value_loss           | 39.4       |
----------------------------------------
---------------------------------
| rollout/           |          |
|    ep_len_mean     | 910      |
|    ep_rew_mean     | 118      |
| time/              |          |
|    fps             | 4626     |
|    iterations      | 36       |
|    time_elapsed    | 127      |
|    total_timesteps | 589824   |
---------------------------------
Eval num_timesteps=622592, episode_reward=177.88 +/- 111.87
Episode length: 335.40 +/- 33.67
------------------------------------------
| eval/                   |              |
|    mean_ep_length       | 335          |
|    mean_reward          | 178          |
| time/                   |              |
|    total_timesteps      | 622592       |
| train/                  |              |
|    approx_kl            | 0.0048968173 |
|    clip_fraction        | 0.0478       |
|    clip_range           | 0.2          |
|    entropy_loss         | -2.8         |
|    explained_variance   | 0.963        |
|    learning_rate        | 0.0003       |
|    loss                 | 11.2         |
|    n_updates            | 148          |
|    policy_gradient_loss | -0.00154     |
|    std                  | 0.98         |
|    value_loss           | 40.7         |
------------------------------------------
Eval num_timesteps=655360, episode_reward=246.80 +/- 20.43
Episode length: 339.30 +/- 23.81
-----------------------------------------
| eval/                   |             |
|    mean_ep_length       | 339         |
|    mean_reward          | 247         |
| time/                   |             |
|    total_timesteps      | 655360      |
| train/                  |             |
|    approx_kl            | 0.004614509 |
|    clip_fraction        | 0.0463      |
|    clip_range           | 0.2         |
|    entropy_loss         | -2.78       |
|    explained_variance   | 0.952       |
|    learning_rate        | 0.0003      |
|    loss                 | 1.97        |
|    n_updates            | 156         |
|    policy_gradient_loss | -0.000257   |
|    std                  | 0.973       |
|    value_loss           | 50.2        |
-----------------------------------------
---------------------------------
| rollout/           |          |
|    ep_len_mean     | 921      |
|    ep_rew_mean     | 112      |
| time/              |          |
|    fps             | 4601     |
|    iterations      | 40       |
|    time_elapsed    | 142      |
|    total_timesteps | 655360   |
---------------------------------
Eval num_timesteps=688128, episode_reward=248.06 +/- 26.27
Episode length: 360.10 +/- 16.81
------------------------------------------
| eval/                   |              |
|    mean_ep_length       | 360          |
|    mean_reward          | 248          |
| time/                   |              |
|    total_timesteps      | 688128       |
| train/                  |              |
|    approx_kl            | 0.0058693066 |
|    clip_fraction        | 0.0621       |
|    clip_range           | 0.2          |
|    entropy_loss         | -2.73        |
|    explained_variance   | 0.986        |
|    learning_rate        | 0.0003       |
|    loss                 | 6.17         |
|    n_updates            | 164          |
|    policy_gradient_loss | -0.000322    |
|    std                  | 0.947        |
|    value_loss           | 11.2         |
------------------------------------------
Eval num_timesteps=720896, episode_reward=250.05 +/- 20.83
Episode length: 373.80 +/- 18.58
------------------------------------------
| eval/                   |              |
|    mean_ep_length       | 374          |
|    mean_reward          | 250          |
| time/                   |              |
|    total_timesteps      | 720896       |
| train/                  |              |
|    approx_kl            | 0.0046173204 |
|    clip_fraction        | 0.0452       |
|    clip_range           | 0.2          |
|    entropy_loss         | -2.73        |
|    explained_variance   | 0.985        |
|    learning_rate        | 0.0003       |
|    loss                 | 11.9         |
|    n_updates            | 172          |
|    policy_gradient_loss | -0.000431    |
|    std                  | 0.941        |
|    value_loss           | 17.3         |
------------------------------------------
---------------------------------
| rollout/           |          |
|    ep_len_mean     | 939      |
|    ep_rew_mean     | 121      |
| time/              |          |
|    fps             | 4583     |
|    iterations      | 44       |
|    time_elapsed    | 157      |
|    total_timesteps | 720896   |
---------------------------------
Eval num_timesteps=753664, episode_reward=256.59 +/- 24.33
Episode length: 361.20 +/- 14.59
------------------------------------------
| eval/                   |              |
|    mean_ep_length       | 361          |
|    mean_reward          | 257          |
| time/                   |              |
|    total_timesteps      | 753664       |
| train/                  |              |
|    approx_kl            | 0.0058161677 |
|    clip_fraction        | 0.0576       |
|    clip_range           | 0.2          |
|    entropy_loss         | -2.69        |
|    explained_variance   | 0.995        |
|    learning_rate        | 0.0003       |
|    loss                 | 3.12         |
|    n_updates            | 180          |
|    policy_gradient_loss | 5.68e-05     |
|    std                  | 0.929        |
|    value_loss           | 6.61         |
------------------------------------------
Eval num_timesteps=786432, episode_reward=250.72 +/- 17.06
Episode length: 336.40 +/- 21.32
-----------------------------------------
| eval/                   |             |
|    mean_ep_length       | 336         |
|    mean_reward          | 251         |
| time/                   |             |
|    total_timesteps      | 786432      |
| train/                  |             |
|    approx_kl            | 0.004633247 |
|    clip_fraction        | 0.053       |
|    clip_range           | 0.2         |
|    entropy_loss         | -2.72       |
|    explained_variance   | 0.994       |
|    learning_rate        | 0.0003      |
|    loss                 | 1.29        |
|    n_updates            | 188         |
|    policy_gradient_loss | 0.000733    |
|    std                  | 0.945       |
|    value_loss           | 6.18        |
-----------------------------------------
---------------------------------
| rollout/           |          |
|    ep_len_mean     | 962      |
|    ep_rew_mean     | 139      |
| time/              |          |
|    fps             | 4569     |
|    iterations      | 48       |
|    time_elapsed    | 172      |
|    total_timesteps | 786432   |
---------------------------------
Eval num_timesteps=819200, episode_reward=227.43 +/- 79.39
Episode length: 317.30 +/- 22.50
------------------------------------------
| eval/                   |              |
|    mean_ep_length       | 317          |
|    mean_reward          | 227          |
| time/                   |              |
|    total_timesteps      | 819200       |
| train/                  |              |
|    approx_kl            | 0.0046244888 |
|    clip_fraction        | 0.025        |
|    clip_range           | 0.2          |
|    entropy_loss         | -2.7         |
|    explained_variance   | 0.983        |
|    learning_rate        | 0.0003       |
|    loss                 | 5.22         |
|    n_updates            | 196          |
|    policy_gradient_loss | 0.000429     |
|    std                  | 0.935        |
|    value_loss           | 24.4         |
------------------------------------------
Eval num_timesteps=851968, episode_reward=262.38 +/- 21.76
Episode length: 309.30 +/- 17.94
------------------------------------------
| eval/                   |              |
|    mean_ep_length       | 309          |
|    mean_reward          | 262          |
| time/                   |              |
|    total_timesteps      | 851968       |
| train/                  |              |
|    approx_kl            | 0.0041521825 |
|    clip_fraction        | 0.04         |
|    clip_range           | 0.2          |
|    entropy_loss         | -2.66        |
|    explained_variance   | 0.986        |
|    learning_rate        | 0.0003       |
|    loss                 | 1.68         |
|    n_updates            | 204          |
|    policy_gradient_loss | 0.000145     |
|    std                  | 0.912        |
|    value_loss           | 21.8         |
------------------------------------------
New best mean reward!
---------------------------------
| rollout/           |          |
|    ep_len_mean     | 962      |
|    ep_rew_mean     | 144      |
| time/              |          |
|    fps             | 4558     |
|    iterations      | 52       |
|    time_elapsed    | 186      |
|    total_timesteps | 851968   |
---------------------------------
Eval num_timesteps=884736, episode_reward=246.91 +/- 21.58
Episode length: 315.00 +/- 15.79
------------------------------------------
| eval/                   |              |
|    mean_ep_length       | 315          |
|    mean_reward          | 247          |
| time/                   |              |
|    total_timesteps      | 884736       |
| train/                  |              |
|    approx_kl            | 0.0052989842 |
|    clip_fraction        | 0.038        |
|    clip_range           | 0.2          |
|    entropy_loss         | -2.66        |
|    explained_variance   | 0.989        |
|    learning_rate        | 0.0003       |
|    loss                 | 1.97         |
|    n_updates            | 212          |
|    policy_gradient_loss | -0.00106     |
|    std                  | 0.911        |
|    value_loss           | 18           |
------------------------------------------
Eval num_timesteps=917504, episode_reward=268.50 +/- 14.84
Episode length: 315.40 +/- 16.89
-----------------------------------------
| eval/                   |             |
|    mean_ep_length       | 315         |
|    mean_reward          | 268         |
| time/                   |             |
|    total_timesteps      | 917504      |
| train/                  |             |
|    approx_kl            | 0.005222502 |
|    clip_fraction        | 0.0535      |
|    clip_range           | 0.2         |
|    entropy_loss         | -2.63       |
|    explained_variance   | 0.997       |
|    learning_rate        | 0.0003      |
|    loss                 | 1.07        |
|    n_updates            | 220         |
|    policy_gradient_loss | 0.000222    |
|    std                  | 0.9         |
|    value_loss           | 3.02        |
-----------------------------------------
New best mean reward!
---------------------------------
| rollout/           |          |
|    ep_len_mean     | 938      |
|    ep_rew_mean     | 142      |
| time/              |          |
|    fps             | 4548     |
|    iterations      | 56       |
|    time_elapsed    | 201      |
|    total_timesteps | 917504   |
---------------------------------
Eval num_timesteps=950272, episode_reward=276.59 +/- 14.86
Episode length: 286.00 +/- 16.01
------------------------------------------
| eval/                   |              |
|    mean_ep_length       | 286          |
|    mean_reward          | 277          |
| time/                   |              |
|    total_timesteps      | 950272       |
| train/                  |              |
|    approx_kl            | 0.0046178354 |
|    clip_fraction        | 0.0557       |
|    clip_range           | 0.2          |
|    entropy_loss         | -2.62        |
|    explained_variance   | 0.996        |
|    learning_rate        | 0.0003       |
|    loss                 | 0.673        |
|    n_updates            | 228          |
|    policy_gradient_loss | 0.00072      |
|    std                  | 0.892        |
|    value_loss           | 3.88         |
------------------------------------------
New best mean reward!
Eval num_timesteps=983040, episode_reward=263.37 +/- 21.37
Episode length: 293.60 +/- 26.67
-----------------------------------------
| eval/                   |             |
|    mean_ep_length       | 294         |
|    mean_reward          | 263         |
| time/                   |             |
|    total_timesteps      | 983040      |
| train/                  |             |
|    approx_kl            | 0.003859498 |
|    clip_fraction        | 0.0278      |
|    clip_range           | 0.2         |
|    entropy_loss         | -2.57       |
|    explained_variance   | 0.994       |
|    learning_rate        | 0.0003      |
|    loss                 | 0.931       |
|    n_updates            | 236         |
|    policy_gradient_loss | -0.000187   |
|    std                  | 0.871       |
|    value_loss           | 9.24        |
-----------------------------------------
---------------------------------
| rollout/           |          |
|    ep_len_mean     | 969      |
|    ep_rew_mean     | 150      |
| time/              |          |
|    fps             | 4543     |
|    iterations      | 60       |
|    time_elapsed    | 216      |
|    total_timesteps | 983040   |
---------------------------------
Eval num_timesteps=1015808, episode_reward=266.49 +/- 14.01
Episode length: 308.00 +/- 23.44
-----------------------------------------
| eval/                   |             |
|    mean_ep_length       | 308         |
|    mean_reward          | 266         |
| time/                   |             |
|    total_timesteps      | 1015808     |
| train/                  |             |
|    approx_kl            | 0.004216488 |
|    clip_fraction        | 0.033       |
|    clip_range           | 0.2         |
|    entropy_loss         | -2.55       |
|    explained_variance   | 0.985       |
|    learning_rate        | 0.0003      |
|    loss                 | 1.6         |
|    n_updates            | 244         |
|    policy_gradient_loss | 0.000393    |
|    std                  | 0.86        |
|    value_loss           | 22.1        |
-----------------------------------------
Eval num_timesteps=1048576, episode_reward=263.91 +/- 17.92
Episode length: 320.90 +/- 67.96
-----------------------------------------
| eval/                   |             |
|    mean_ep_length       | 321         |
|    mean_reward          | 264         |
| time/                   |             |
|    total_timesteps      | 1048576     |
| train/                  |             |
|    approx_kl            | 0.004825674 |
|    clip_fraction        | 0.0468      |
|    clip_range           | 0.2         |
|    entropy_loss         | -2.55       |
|    explained_variance   | 0.989       |
|    learning_rate        | 0.0003      |
|    loss                 | 3.42        |
|    n_updates            | 252         |
|    policy_gradient_loss | -0.00011    |
|    std                  | 0.87        |
|    value_loss           | 6.97        |
-----------------------------------------
---------------------------------
| rollout/           |          |
|    ep_len_mean     | 960      |
|    ep_rew_mean     | 148      |
| time/              |          |
|    fps             | 4541     |
|    iterations      | 64       |
|    time_elapsed    | 230      |
|    total_timesteps | 1048576  |
---------------------------------
Wrapping the env in a DummyVecEnv.
mlp after training: mean_reward=263.41 +/- 18.62

=== Experiment complete ===
Summary: outputs/lunarlander_ppo_parallel/PPO_CPU-20260728_211032-seed123/experiment_summary_mlp.json
mlp: final=263.41, best_eval=276.5943214
/home/leopold/anaconda3/envs/sac_sb3_demo/lib/python3.12/site-packages/pygame/pkgdata.py:25: UserWarning: pkg_resources is deprecated as an API. See https://setuptools.pypa.io/en/latest/pkg_resources.html. The pkg_resources package is slated for removal as early as 2025-11-30. Refrain from using this package or pin to Setuptools<81.
  from pkg_resources import resource_stream, resource_exists
/home/leopold/anaconda3/envs/sac_sb3_demo/lib/python3.12/site-packages/pygame/pkgdata.py:25: UserWarning: pkg_resources is deprecated as an API. See https://setuptools.pypa.io/en/latest/pkg_resources.html. The pkg_resources package is slated for removal as early as 2025-11-30. Refrain from using this package or pin to Setuptools<81.
  from pkg_resources import resource_stream, resource_exists
/home/leopold/anaconda3/envs/sac_sb3_demo/lib/python3.12/site-packages/pygame/pkgdata.py:25: UserWarning: pkg_resources is deprecated as an API. See https://setuptools.pypa.io/en/latest/pkg_resources.html. The pkg_resources package is slated for removal as early as 2025-11-30. Refrain from using this package or pin to Setuptools<81.
  from pkg_resources import resource_stream, resource_exists
/home/leopold/anaconda3/envs/sac_sb3_demo/lib/python3.12/site-packages/pygame/pkgdata.py:25: UserWarning: pkg_resources is deprecated as an API. See https://setuptools.pypa.io/en/latest/pkg_resources.html. The pkg_resources package is slated for removal as early as 2025-11-30. Refrain from using this package or pin to Setuptools<81.
  from pkg_resources import resource_stream, resource_exists
/home/leopold/anaconda3/envs/sac_sb3_demo/lib/python3.12/site-packages/pygame/pkgdata.py:25: UserWarning: pkg_resources is deprecated as an API. See https://setuptools.pypa.io/en/latest/pkg_resources.html. The pkg_resources package is slated for removal as early as 2025-11-30. Refrain from using this package or pin to Setuptools<81.
  from pkg_resources import resource_stream, resource_exists
/home/leopold/anaconda3/envs/sac_sb3_demo/lib/python3.12/site-packages/pygame/pkgdata.py:25: UserWarning: pkg_resources is deprecated as an API. See https://setuptools.pypa.io/en/latest/pkg_resources.html. The pkg_resources package is slated for removal as early as 2025-11-30. Refrain from using this package or pin to Setuptools<81.
  from pkg_resources import resource_stream, resource_exists
/home/leopold/anaconda3/envs/sac_sb3_demo/lib/python3.12/site-packages/pygame/pkgdata.py:25: UserWarning: pkg_resources is deprecated as an API. See https://setuptools.pypa.io/en/latest/pkg_resources.html. The pkg_resources package is slated for removal as early as 2025-11-30. Refrain from using this package or pin to Setuptools<81.
  from pkg_resources import resource_stream, resource_exists
/home/leopold/anaconda3/envs/sac_sb3_demo/lib/python3.12/site-packages/pygame/pkgdata.py:25: UserWarning: pkg_resources is deprecated as an API. See https://setuptools.pypa.io/en/latest/pkg_resources.html. The pkg_resources package is slated for removal as early as 2025-11-30. Refrain from using this package or pin to Setuptools<81.
  from pkg_resources import resource_stream, resource_exists
/home/leopold/anaconda3/envs/sac_sb3_demo/lib/python3.12/site-packages/pygame/pkgdata.py:25: UserWarning: pkg_resources is deprecated as an API. See https://setuptools.pypa.io/en/latest/pkg_resources.html. The pkg_resources package is slated for removal as early as 2025-11-30. Refrain from using this package or pin to Setuptools<81.
  from pkg_resources import resource_stream, resource_exists
/home/leopold/anaconda3/envs/sac_sb3_demo/lib/python3.12/site-packages/pygame/pkgdata.py:25: UserWarning: pkg_resources is deprecated as an API. See https://setuptools.pypa.io/en/latest/pkg_resources.html. The pkg_resources package is slated for removal as early as 2025-11-30. Refrain from using this package or pin to Setuptools<81.
  from pkg_resources import resource_stream, resource_exists
/home/leopold/anaconda3/envs/sac_sb3_demo/lib/python3.12/site-packages/pygame/pkgdata.py:25: UserWarning: pkg_resources is deprecated as an API. See https://setuptools.pypa.io/en/latest/pkg_resources.html. The pkg_resources package is slated for removal as early as 2025-11-30. Refrain from using this package or pin to Setuptools<81.
  from pkg_resources import resource_stream, resource_exists
/home/leopold/anaconda3/envs/sac_sb3_demo/lib/python3.12/site-packages/pygame/pkgdata.py:25: UserWarning: pkg_resources is deprecated as an API. See https://setuptools.pypa.io/en/latest/pkg_resources.html. The pkg_resources package is slated for removal as early as 2025-11-30. Refrain from using this package or pin to Setuptools<81.
  from pkg_resources import resource_stream, resource_exists
/home/leopold/anaconda3/envs/sac_sb3_demo/lib/python3.12/site-packages/pygame/pkgdata.py:25: UserWarning: pkg_resources is deprecated as an API. See https://setuptools.pypa.io/en/latest/pkg_resources.html. The pkg_resources package is slated for removal as early as 2025-11-30. Refrain from using this package or pin to Setuptools<81.
  from pkg_resources import resource_stream, resource_exists
/home/leopold/anaconda3/envs/sac_sb3_demo/lib/python3.12/site-packages/pygame/pkgdata.py:25: UserWarning: pkg_resources is deprecated as an API. See https://setuptools.pypa.io/en/latest/pkg_resources.html. The pkg_resources package is slated for removal as early as 2025-11-30. Refrain from using this package or pin to Setuptools<81.
  from pkg_resources import resource_stream, resource_exists
/home/leopold/anaconda3/envs/sac_sb3_demo/lib/python3.12/site-packages/pygame/pkgdata.py:25: UserWarning: pkg_resources is deprecated as an API. See https://setuptools.pypa.io/en/latest/pkg_resources.html. The pkg_resources package is slated for removal as early as 2025-11-30. Refrain from using this package or pin to Setuptools<81.
  from pkg_resources import resource_stream, resource_exists
/home/leopold/anaconda3/envs/sac_sb3_demo/lib/python3.12/site-packages/pygame/pkgdata.py:25: UserWarning: pkg_resources is deprecated as an API. See https://setuptools.pypa.io/en/latest/pkg_resources.html. The pkg_resources package is slated for removal as early as 2025-11-30. Refrain from using this package or pin to Setuptools<81.
  from pkg_resources import resource_stream, resource_exists
/home/leopold/anaconda3/envs/sac_sb3_demo/lib/python3.12/site-packages/pygame/pkgdata.py:25: UserWarning: pkg_resources is deprecated as an API. See https://setuptools.pypa.io/en/latest/pkg_resources.html. The pkg_resources package is slated for removal as early as 2025-11-30. Refrain from using this package or pin to Setuptools<81.
  from pkg_resources import resource_stream, resource_exists
/home/leopold/anaconda3/envs/sac_sb3_demo/lib/python3.12/site-packages/stable_baselines3/common/callbacks.py:418: UserWarning: Training and eval env are not of the same type<stable_baselines3.common.vec_env.subproc_vec_env.SubprocVecEnv object at 0x73cfe5ffade0> != <stable_baselines3.common.vec_env.dummy_vec_env.DummyVecEnv object at 0x73cfc5263620>
  warnings.warn("Training and eval env are not of the same type" f"{self.training_env} != {self.eval_env}")


