══════════════════════════════════════════
[6/9] PPO_CPU  seed=456  device=cpu
started: 2026年 07月 28日 星期二 23:08:38 CST
run_tag: PPO_CPU-20260728_211032-seed456
══════════════════════════════════════════
CUDA available: NVIDIA GeForce RTX 4070 Laptop GPU

=== Training variant: mlp ===
Using cpu device
mlp before training: mean_reward=-139.05 +/- 80.18
Logging to runs/lunarlander_ppo_parallel/PPO_CPU-20260728_211032-seed456/mlp_1
Eval num_timesteps=32768, episode_reward=-117.08 +/- 68.24
Episode length: 82.80 +/- 8.06
------------------------------------------
| eval/                   |              |
|    mean_ep_length       | 82.8         |
|    mean_reward          | -117         |
| time/                   |              |
|    total_timesteps      | 32768        |
| train/                  |              |
|    approx_kl            | 0.0049216943 |
|    clip_fraction        | 0.0473       |
|    clip_range           | 0.2          |
|    entropy_loss         | -2.84        |
|    explained_variance   | 0.000905     |
|    learning_rate        | 0.0003       |
|    loss                 | 2.62e+03     |
|    n_updates            | 4            |
|    policy_gradient_loss | -0.00413     |
|    std                  | 1            |
|    value_loss           | 6.88e+03     |
------------------------------------------
New best mean reward!
Eval num_timesteps=65536, episode_reward=-154.18 +/- 85.31
Episode length: 95.30 +/- 9.09
------------------------------------------
| eval/                   |              |
|    mean_ep_length       | 95.3         |
|    mean_reward          | -154         |
| time/                   |              |
|    total_timesteps      | 65536        |
| train/                  |              |
|    approx_kl            | 0.0045936108 |
|    clip_fraction        | 0.0374       |
|    clip_range           | 0.2          |
|    entropy_loss         | -2.88        |
|    explained_variance   | -0.00309     |
|    learning_rate        | 0.0003       |
|    loss                 | 909          |
|    n_updates            | 12           |
|    policy_gradient_loss | -0.00302     |
|    std                  | 1.02         |
|    value_loss           | 2.25e+03     |
------------------------------------------
---------------------------------
| rollout/           |          |
|    ep_len_mean     | 120      |
|    ep_rew_mean     | -143     |
| time/              |          |
|    fps             | 5608     |
|    iterations      | 4        |
|    time_elapsed    | 11       |
|    total_timesteps | 65536    |
---------------------------------
Eval num_timesteps=98304, episode_reward=-142.70 +/- 67.00
Episode length: 109.20 +/- 14.93
-----------------------------------------
| eval/                   |             |
|    mean_ep_length       | 109         |
|    mean_reward          | -143        |
| time/                   |             |
|    total_timesteps      | 98304       |
| train/                  |             |
|    approx_kl            | 0.004375452 |
|    clip_fraction        | 0.0314      |
|    clip_range           | 0.2         |
|    entropy_loss         | -2.89       |
|    explained_variance   | -0.0337     |
|    learning_rate        | 0.0003      |
|    loss                 | 139         |
|    n_updates            | 20          |
|    policy_gradient_loss | -0.00449    |
|    std                  | 1.02        |
|    value_loss           | 461         |
-----------------------------------------
Eval num_timesteps=131072, episode_reward=-63.58 +/- 44.77
Episode length: 121.40 +/- 15.63
-----------------------------------------
| eval/                   |             |
|    mean_ep_length       | 121         |
|    mean_reward          | -63.6       |
| time/                   |             |
|    total_timesteps      | 131072      |
| train/                  |             |
|    approx_kl            | 0.005385089 |
|    clip_fraction        | 0.0414      |
|    clip_range           | 0.2         |
|    entropy_loss         | -2.89       |
|    explained_variance   | 0.334       |
|    learning_rate        | 0.0003      |
|    loss                 | 96.6        |
|    n_updates            | 28          |
|    policy_gradient_loss | -0.00416    |
|    std                  | 1.03        |
|    value_loss           | 348         |
-----------------------------------------
New best mean reward!
---------------------------------
| rollout/           |          |
|    ep_len_mean     | 127      |
|    ep_rew_mean     | -41.4    |
| time/              |          |
|    fps             | 5056     |
|    iterations      | 8        |
|    time_elapsed    | 25       |
|    total_timesteps | 131072   |
---------------------------------
Eval num_timesteps=163840, episode_reward=-46.66 +/- 113.07
Episode length: 150.40 +/- 35.51
------------------------------------------
| eval/                   |              |
|    mean_ep_length       | 150          |
|    mean_reward          | -46.7        |
| time/                   |              |
|    total_timesteps      | 163840       |
| train/                  |              |
|    approx_kl            | 0.0047092955 |
|    clip_fraction        | 0.04         |
|    clip_range           | 0.2          |
|    entropy_loss         | -2.88        |
|    explained_variance   | 0.728        |
|    learning_rate        | 0.0003       |
|    loss                 | 71.2         |
|    n_updates            | 36           |
|    policy_gradient_loss | -0.00331     |
|    std                  | 1.02         |
|    value_loss           | 167          |
------------------------------------------
New best mean reward!
Eval num_timesteps=196608, episode_reward=54.82 +/- 138.54
Episode length: 229.40 +/- 59.41
-----------------------------------------
| eval/                   |             |
|    mean_ep_length       | 229         |
|    mean_reward          | 54.8        |
| time/                   |             |
|    total_timesteps      | 196608      |
| train/                  |             |
|    approx_kl            | 0.005816032 |
|    clip_fraction        | 0.0572      |
|    clip_range           | 0.2         |
|    entropy_loss         | -2.85       |
|    explained_variance   | 0.891       |
|    learning_rate        | 0.0003      |
|    loss                 | 43.2        |
|    n_updates            | 44          |
|    policy_gradient_loss | -0.00481    |
|    std                  | 1           |
|    value_loss           | 118         |
-----------------------------------------
New best mean reward!
---------------------------------
| rollout/           |          |
|    ep_len_mean     | 174      |
|    ep_rew_mean     | 5.7      |
| time/              |          |
|    fps             | 4871     |
|    iterations      | 12       |
|    time_elapsed    | 40       |
|    total_timesteps | 196608   |
---------------------------------
Eval num_timesteps=229376, episode_reward=195.13 +/- 108.55
Episode length: 310.00 +/- 135.77
------------------------------------------
| eval/                   |              |
|    mean_ep_length       | 310          |
|    mean_reward          | 195          |
| time/                   |              |
|    total_timesteps      | 229376       |
| train/                  |              |
|    approx_kl            | 0.0048968275 |
|    clip_fraction        | 0.0458       |
|    clip_range           | 0.2          |
|    entropy_loss         | -2.84        |
|    explained_variance   | 0.959        |
|    learning_rate        | 0.0003       |
|    loss                 | 16.7         |
|    n_updates            | 52           |
|    policy_gradient_loss | -0.00218     |
|    std                  | 1            |
|    value_loss           | 70.1         |
------------------------------------------
New best mean reward!
Eval num_timesteps=262144, episode_reward=185.07 +/- 115.43
Episode length: 198.70 +/- 32.75
------------------------------------------
| eval/                   |              |
|    mean_ep_length       | 199          |
|    mean_reward          | 185          |
| time/                   |              |
|    total_timesteps      | 262144       |
| train/                  |              |
|    approx_kl            | 0.0042866394 |
|    clip_fraction        | 0.0477       |
|    clip_range           | 0.2          |
|    entropy_loss         | -2.83        |
|    explained_variance   | 0.965        |
|    learning_rate        | 0.0003       |
|    loss                 | 27           |
|    n_updates            | 60           |
|    policy_gradient_loss | -0.000462    |
|    std                  | 0.996        |
|    value_loss           | 59.4         |
------------------------------------------
---------------------------------
| rollout/           |          |
|    ep_len_mean     | 446      |
|    ep_rew_mean     | 38.8     |
| time/              |          |
|    fps             | 4773     |
|    iterations      | 16       |
|    time_elapsed    | 54       |
|    total_timesteps | 262144   |
---------------------------------
Eval num_timesteps=294912, episode_reward=164.53 +/- 102.94
Episode length: 242.10 +/- 134.09
-----------------------------------------
| eval/                   |             |
|    mean_ep_length       | 242         |
|    mean_reward          | 165         |
| time/                   |             |
|    total_timesteps      | 294912      |
| train/                  |             |
|    approx_kl            | 0.005570544 |
|    clip_fraction        | 0.0523      |
|    clip_range           | 0.2         |
|    entropy_loss         | -2.8        |
|    explained_variance   | 0.988       |
|    learning_rate        | 0.0003      |
|    loss                 | 15.5        |
|    n_updates            | 68          |
|    policy_gradient_loss | -0.00254    |
|    std                  | 0.976       |
|    value_loss           | 28.2        |
-----------------------------------------
Eval num_timesteps=327680, episode_reward=229.04 +/- 66.39
Episode length: 269.20 +/- 34.24
-----------------------------------------
| eval/                   |             |
|    mean_ep_length       | 269         |
|    mean_reward          | 229         |
| time/                   |             |
|    total_timesteps      | 327680      |
| train/                  |             |
|    approx_kl            | 0.004775933 |
|    clip_fraction        | 0.0455      |
|    clip_range           | 0.2         |
|    entropy_loss         | -2.78       |
|    explained_variance   | 0.989       |
|    learning_rate        | 0.0003      |
|    loss                 | 12.1        |
|    n_updates            | 76          |
|    policy_gradient_loss | -0.00207    |
|    std                  | 0.971       |
|    value_loss           | 29.3        |
-----------------------------------------
New best mean reward!
---------------------------------
| rollout/           |          |
|    ep_len_mean     | 557      |
|    ep_rew_mean     | 68.5     |
| time/              |          |
|    fps             | 4710     |
|    iterations      | 20       |
|    time_elapsed    | 69       |
|    total_timesteps | 327680   |
---------------------------------
Eval num_timesteps=360448, episode_reward=214.79 +/- 96.95
Episode length: 276.80 +/- 31.19
-----------------------------------------
| eval/                   |             |
|    mean_ep_length       | 277         |
|    mean_reward          | 215         |
| time/                   |             |
|    total_timesteps      | 360448      |
| train/                  |             |
|    approx_kl            | 0.005047298 |
|    clip_fraction        | 0.0535      |
|    clip_range           | 0.2         |
|    entropy_loss         | -2.75       |
|    explained_variance   | 0.992       |
|    learning_rate        | 0.0003      |
|    loss                 | 7.83        |
|    n_updates            | 84          |
|    policy_gradient_loss | -0.00269    |
|    std                  | 0.955       |
|    value_loss           | 13          |
-----------------------------------------
Eval num_timesteps=393216, episode_reward=189.43 +/- 113.65
Episode length: 314.10 +/- 86.15
------------------------------------------
| eval/                   |              |
|    mean_ep_length       | 314          |
|    mean_reward          | 189          |
| time/                   |              |
|    total_timesteps      | 393216       |
| train/                  |              |
|    approx_kl            | 0.0057074632 |
|    clip_fraction        | 0.0594       |
|    clip_range           | 0.2          |
|    entropy_loss         | -2.68        |
|    explained_variance   | 0.995        |
|    learning_rate        | 0.0003       |
|    loss                 | 1.64         |
|    n_updates            | 92           |
|    policy_gradient_loss | -0.00167     |
|    std                  | 0.922        |
|    value_loss           | 8.34         |
------------------------------------------
---------------------------------
| rollout/           |          |
|    ep_len_mean     | 817      |
|    ep_rew_mean     | 105      |
| time/              |          |
|    fps             | 4663     |
|    iterations      | 24       |
|    time_elapsed    | 84       |
|    total_timesteps | 393216   |
---------------------------------
Eval num_timesteps=425984, episode_reward=261.15 +/- 16.52
Episode length: 318.10 +/- 50.10
------------------------------------------
| eval/                   |              |
|    mean_ep_length       | 318          |
|    mean_reward          | 261          |
| time/                   |              |
|    total_timesteps      | 425984       |
| train/                  |              |
|    approx_kl            | 0.0032906365 |
|    clip_fraction        | 0.0374       |
|    clip_range           | 0.2          |
|    entropy_loss         | -2.63        |
|    explained_variance   | 0.994        |
|    learning_rate        | 0.0003       |
|    loss                 | 2.66         |
|    n_updates            | 100          |
|    policy_gradient_loss | -0.000509    |
|    std                  | 0.901        |
|    value_loss           | 9.39         |
------------------------------------------
New best mean reward!
Eval num_timesteps=458752, episode_reward=192.24 +/- 104.90
Episode length: 308.00 +/- 24.44
------------------------------------------
| eval/                   |              |
|    mean_ep_length       | 308          |
|    mean_reward          | 192          |
| time/                   |              |
|    total_timesteps      | 458752       |
| train/                  |              |
|    approx_kl            | 0.0051238495 |
|    clip_fraction        | 0.0535       |
|    clip_range           | 0.2          |
|    entropy_loss         | -2.59        |
|    explained_variance   | 0.995        |
|    learning_rate        | 0.0003       |
|    loss                 | 5.68         |
|    n_updates            | 108          |
|    policy_gradient_loss | -0.000246    |
|    std                  | 0.882        |
|    value_loss           | 5.09         |
------------------------------------------
---------------------------------
| rollout/           |          |
|    ep_len_mean     | 935      |
|    ep_rew_mean     | 127      |
| time/              |          |
|    fps             | 4628     |
|    iterations      | 28       |
|    time_elapsed    | 99       |
|    total_timesteps | 458752   |
---------------------------------
Eval num_timesteps=491520, episode_reward=215.31 +/- 75.83
Episode length: 362.60 +/- 86.81
-----------------------------------------
| eval/                   |             |
|    mean_ep_length       | 363         |
|    mean_reward          | 215         |
| time/                   |             |
|    total_timesteps      | 491520      |
| train/                  |             |
|    approx_kl            | 0.004190316 |
|    clip_fraction        | 0.0379      |
|    clip_range           | 0.2         |
|    entropy_loss         | -2.56       |
|    explained_variance   | 0.996       |
|    learning_rate        | 0.0003      |
|    loss                 | 1.84        |
|    n_updates            | 116         |
|    policy_gradient_loss | -0.000234   |
|    std                  | 0.869       |
|    value_loss           | 6.13        |
-----------------------------------------
Eval num_timesteps=524288, episode_reward=239.37 +/- 69.72
Episode length: 327.10 +/- 20.94
------------------------------------------
| eval/                   |              |
|    mean_ep_length       | 327          |
|    mean_reward          | 239          |
| time/                   |              |
|    total_timesteps      | 524288       |
| train/                  |              |
|    approx_kl            | 0.0053722737 |
|    clip_fraction        | 0.0567       |
|    clip_range           | 0.2          |
|    entropy_loss         | -2.55        |
|    explained_variance   | 0.998        |
|    learning_rate        | 0.0003       |
|    loss                 | 0.534        |
|    n_updates            | 124          |
|    policy_gradient_loss | -0.00129     |
|    std                  | 0.862        |
|    value_loss           | 3.67         |
------------------------------------------
---------------------------------
| rollout/           |          |
|    ep_len_mean     | 992      |
|    ep_rew_mean     | 138      |
| time/              |          |
|    fps             | 4599     |
|    iterations      | 32       |
|    time_elapsed    | 113      |
|    total_timesteps | 524288   |
---------------------------------
Eval num_timesteps=557056, episode_reward=262.37 +/- 19.97
Episode length: 319.10 +/- 24.56
------------------------------------------
| eval/                   |              |
|    mean_ep_length       | 319          |
|    mean_reward          | 262          |
| time/                   |              |
|    total_timesteps      | 557056       |
| train/                  |              |
|    approx_kl            | 0.0056400616 |
|    clip_fraction        | 0.0642       |
|    clip_range           | 0.2          |
|    entropy_loss         | -2.51        |
|    explained_variance   | 0.998        |
|    learning_rate        | 0.0003       |
|    loss                 | 1.48         |
|    n_updates            | 132          |
|    policy_gradient_loss | -0.000839    |
|    std                  | 0.849        |
|    value_loss           | 2.6          |
------------------------------------------
New best mean reward!
Eval num_timesteps=589824, episode_reward=262.05 +/- 24.48
Episode length: 281.90 +/- 18.73
------------------------------------------
| eval/                   |              |
|    mean_ep_length       | 282          |
|    mean_reward          | 262          |
| time/                   |              |
|    total_timesteps      | 589824       |
| train/                  |              |
|    approx_kl            | 0.0053272643 |
|    clip_fraction        | 0.0476       |
|    clip_range           | 0.2          |
|    entropy_loss         | -2.47        |
|    explained_variance   | 0.995        |
|    learning_rate        | 0.0003       |
|    loss                 | 0.855        |
|    n_updates            | 140          |
|    policy_gradient_loss | -0.000647    |
|    std                  | 0.832        |
|    value_loss           | 6.97         |
------------------------------------------
---------------------------------
| rollout/           |          |
|    ep_len_mean     | 952      |
|    ep_rew_mean     | 145      |
| time/              |          |
|    fps             | 4588     |
|    iterations      | 36       |
|    time_elapsed    | 128      |
|    total_timesteps | 589824   |
---------------------------------
Eval num_timesteps=622592, episode_reward=275.26 +/- 20.41
Episode length: 288.00 +/- 12.24
-----------------------------------------
| eval/                   |             |
|    mean_ep_length       | 288         |
|    mean_reward          | 275         |
| time/                   |             |
|    total_timesteps      | 622592      |
| train/                  |             |
|    approx_kl            | 0.005211042 |
|    clip_fraction        | 0.0565      |
|    clip_range           | 0.2         |
|    entropy_loss         | -2.46       |
|    explained_variance   | 0.998       |
|    learning_rate        | 0.0003      |
|    loss                 | 1.34        |
|    n_updates            | 148         |
|    policy_gradient_loss | -0.00048    |
|    std                  | 0.831       |
|    value_loss           | 2.79        |
-----------------------------------------
New best mean reward!
Eval num_timesteps=655360, episode_reward=239.10 +/- 88.79
Episode length: 278.90 +/- 22.62
-----------------------------------------
| eval/                   |             |
|    mean_ep_length       | 279         |
|    mean_reward          | 239         |
| time/                   |             |
|    total_timesteps      | 655360      |
| train/                  |             |
|    approx_kl            | 0.004074087 |
|    clip_fraction        | 0.0297      |
|    clip_range           | 0.2         |
|    entropy_loss         | -2.45       |
|    explained_variance   | 0.993       |
|    learning_rate        | 0.0003      |
|    loss                 | 1.6         |
|    n_updates            | 156         |
|    policy_gradient_loss | -0.000765   |
|    std                  | 0.824       |
|    value_loss           | 11.4        |
-----------------------------------------
---------------------------------
| rollout/           |          |
|    ep_len_mean     | 944      |
|    ep_rew_mean     | 147      |
| time/              |          |
|    fps             | 4577     |
|    iterations      | 40       |
|    time_elapsed    | 143      |
|    total_timesteps | 655360   |
---------------------------------
Eval num_timesteps=688128, episode_reward=260.26 +/- 22.53
Episode length: 278.20 +/- 10.57
-----------------------------------------
| eval/                   |             |
|    mean_ep_length       | 278         |
|    mean_reward          | 260         |
| time/                   |             |
|    total_timesteps      | 688128      |
| train/                  |             |
|    approx_kl            | 0.003370487 |
|    clip_fraction        | 0.0267      |
|    clip_range           | 0.2         |
|    entropy_loss         | -2.43       |
|    explained_variance   | 0.987       |
|    learning_rate        | 0.0003      |
|    loss                 | 37.2        |
|    n_updates            | 164         |
|    policy_gradient_loss | 0.0007      |
|    std                  | 0.821       |
|    value_loss           | 20.6        |
-----------------------------------------
Eval num_timesteps=720896, episode_reward=273.94 +/- 23.97
Episode length: 265.10 +/- 10.89
------------------------------------------
| eval/                   |              |
|    mean_ep_length       | 265          |
|    mean_reward          | 274          |
| time/                   |              |
|    total_timesteps      | 720896       |
| train/                  |              |
|    approx_kl            | 0.0058242977 |
|    clip_fraction        | 0.0642       |
|    clip_range           | 0.2          |
|    entropy_loss         | -2.43        |
|    explained_variance   | 0.995        |
|    learning_rate        | 0.0003       |
|    loss                 | 0.737        |
|    n_updates            | 172          |
|    policy_gradient_loss | 0.000823     |
|    std                  | 0.82         |
|    value_loss           | 3.42         |
------------------------------------------
---------------------------------
| rollout/           |          |
|    ep_len_mean     | 910      |
|    ep_rew_mean     | 146      |
| time/              |          |
|    fps             | 4570     |
|    iterations      | 44       |
|    time_elapsed    | 157      |
|    total_timesteps | 720896   |
---------------------------------
Eval num_timesteps=753664, episode_reward=271.36 +/- 18.00
Episode length: 282.90 +/- 18.45
-----------------------------------------
| eval/                   |             |
|    mean_ep_length       | 283         |
|    mean_reward          | 271         |
| time/                   |             |
|    total_timesteps      | 753664      |
| train/                  |             |
|    approx_kl            | 0.004437075 |
|    clip_fraction        | 0.0417      |
|    clip_range           | 0.2         |
|    entropy_loss         | -2.42       |
|    explained_variance   | 0.989       |
|    learning_rate        | 0.0003      |
|    loss                 | 1.05        |
|    n_updates            | 180         |
|    policy_gradient_loss | -0.000739   |
|    std                  | 0.815       |
|    value_loss           | 18          |
-----------------------------------------
Eval num_timesteps=786432, episode_reward=264.45 +/- 18.05
Episode length: 276.00 +/- 47.78
------------------------------------------
| eval/                   |              |
|    mean_ep_length       | 276          |
|    mean_reward          | 264          |
| time/                   |              |
|    total_timesteps      | 786432       |
| train/                  |              |
|    approx_kl            | 0.0048115347 |
|    clip_fraction        | 0.0415       |
|    clip_range           | 0.2          |
|    entropy_loss         | -2.39        |
|    explained_variance   | 0.995        |
|    learning_rate        | 0.0003       |
|    loss                 | 0.383        |
|    n_updates            | 188          |
|    policy_gradient_loss | -0.000416    |
|    std                  | 0.8          |
|    value_loss           | 8.42         |
------------------------------------------
---------------------------------
| rollout/           |          |
|    ep_len_mean     | 950      |
|    ep_rew_mean     | 157      |
| time/              |          |
|    fps             | 4561     |
|    iterations      | 48       |
|    time_elapsed    | 172      |
|    total_timesteps | 786432   |
---------------------------------
Eval num_timesteps=819200, episode_reward=281.38 +/- 18.83
Episode length: 259.60 +/- 12.05
------------------------------------------
| eval/                   |              |
|    mean_ep_length       | 260          |
|    mean_reward          | 281          |
| time/                   |              |
|    total_timesteps      | 819200       |
| train/                  |              |
|    approx_kl            | 0.0035457946 |
|    clip_fraction        | 0.0338       |
|    clip_range           | 0.2          |
|    entropy_loss         | -2.37        |
|    explained_variance   | 0.989        |
|    learning_rate        | 0.0003       |
|    loss                 | 3.92         |
|    n_updates            | 196          |
|    policy_gradient_loss | -0.000271    |
|    std                  | 0.796        |
|    value_loss           | 15.3         |
------------------------------------------
New best mean reward!
Eval num_timesteps=851968, episode_reward=278.44 +/- 19.08
Episode length: 260.70 +/- 19.37
------------------------------------------
| eval/                   |              |
|    mean_ep_length       | 261          |
|    mean_reward          | 278          |
| time/                   |              |
|    total_timesteps      | 851968       |
| train/                  |              |
|    approx_kl            | 0.0037312652 |
|    clip_fraction        | 0.0435       |
|    clip_range           | 0.2          |
|    entropy_loss         | -2.37        |
|    explained_variance   | 0.994        |
|    learning_rate        | 0.0003       |
|    loss                 | 0.48         |
|    n_updates            | 204          |
|    policy_gradient_loss | 0.000515     |
|    std                  | 0.793        |
|    value_loss           | 11.2         |
------------------------------------------
---------------------------------
| rollout/           |          |
|    ep_len_mean     | 894      |
|    ep_rew_mean     | 148      |
| time/              |          |
|    fps             | 4555     |
|    iterations      | 52       |
|    time_elapsed    | 187      |
|    total_timesteps | 851968   |
---------------------------------
Eval num_timesteps=884736, episode_reward=234.73 +/- 81.81
Episode length: 250.70 +/- 27.88
------------------------------------------
| eval/                   |              |
|    mean_ep_length       | 251          |
|    mean_reward          | 235          |
| time/                   |              |
|    total_timesteps      | 884736       |
| train/                  |              |
|    approx_kl            | 0.0031811204 |
|    clip_fraction        | 0.0548       |
|    clip_range           | 0.2          |
|    entropy_loss         | -2.38        |
|    explained_variance   | 0.989        |
|    learning_rate        | 0.0003       |
|    loss                 | 3.7          |
|    n_updates            | 212          |
|    policy_gradient_loss | 3.39e-06     |
|    std                  | 0.801        |
|    value_loss           | 13.1         |
------------------------------------------
Eval num_timesteps=917504, episode_reward=258.54 +/- 68.32
Episode length: 251.40 +/- 22.54
-----------------------------------------
| eval/                   |             |
|    mean_ep_length       | 251         |
|    mean_reward          | 259         |
| time/                   |             |
|    total_timesteps      | 917504      |
| train/                  |             |
|    approx_kl            | 0.004158582 |
|    clip_fraction        | 0.0316      |
|    clip_range           | 0.2         |
|    entropy_loss         | -2.39       |
|    explained_variance   | 0.983       |
|    learning_rate        | 0.0003      |
|    loss                 | 51.7        |
|    n_updates            | 220         |
|    policy_gradient_loss | 0.000298    |
|    std                  | 0.806       |
|    value_loss           | 33.7        |
-----------------------------------------
---------------------------------
| rollout/           |          |
|    ep_len_mean     | 802      |
|    ep_rew_mean     | 140      |
| time/              |          |
|    fps             | 4553     |
|    iterations      | 56       |
|    time_elapsed    | 201      |
|    total_timesteps | 917504   |
---------------------------------
Eval num_timesteps=950272, episode_reward=251.72 +/- 60.34
Episode length: 248.40 +/- 29.58
------------------------------------------
| eval/                   |              |
|    mean_ep_length       | 248          |
|    mean_reward          | 252          |
| time/                   |              |
|    total_timesteps      | 950272       |
| train/                  |              |
|    approx_kl            | 0.0059909304 |
|    clip_fraction        | 0.0706       |
|    clip_range           | 0.2          |
|    entropy_loss         | -2.39        |
|    explained_variance   | 0.985        |
|    learning_rate        | 0.0003       |
|    loss                 | 2.26         |
|    n_updates            | 228          |
|    policy_gradient_loss | 0.000787     |
|    std                  | 0.798        |
|    value_loss           | 21.4         |
------------------------------------------
Eval num_timesteps=983040, episode_reward=259.93 +/- 63.22
Episode length: 245.10 +/- 21.67
------------------------------------------
| eval/                   |              |
|    mean_ep_length       | 245          |
|    mean_reward          | 260          |
| time/                   |              |
|    total_timesteps      | 983040       |
| train/                  |              |
|    approx_kl            | 0.0044886814 |
|    clip_fraction        | 0.0318       |
|    clip_range           | 0.2          |
|    entropy_loss         | -2.36        |
|    explained_variance   | 0.99         |
|    learning_rate        | 0.0003       |
|    loss                 | 59.4         |
|    n_updates            | 236          |
|    policy_gradient_loss | 0.000393     |
|    std                  | 0.791        |
|    value_loss           | 14.7         |
------------------------------------------
---------------------------------
| rollout/           |          |
|    ep_len_mean     | 917      |
|    ep_rew_mean     | 153      |
| time/              |          |
|    fps             | 4552     |
|    iterations      | 60       |
|    time_elapsed    | 215      |
|    total_timesteps | 983040   |
---------------------------------
Eval num_timesteps=1015808, episode_reward=274.41 +/- 19.02
Episode length: 251.10 +/- 10.20
------------------------------------------
| eval/                   |              |
|    mean_ep_length       | 251          |
|    mean_reward          | 274          |
| time/                   |              |
|    total_timesteps      | 1015808      |
| train/                  |              |
|    approx_kl            | 0.0033272433 |
|    clip_fraction        | 0.0291       |
|    clip_range           | 0.2          |
|    entropy_loss         | -2.35        |
|    explained_variance   | 0.985        |
|    learning_rate        | 0.0003       |
|    loss                 | 10.9         |
|    n_updates            | 244          |
|    policy_gradient_loss | 0.000306     |
|    std                  | 0.782        |
|    value_loss           | 22.2         |
------------------------------------------
Eval num_timesteps=1048576, episode_reward=277.54 +/- 25.12
Episode length: 261.80 +/- 10.80
------------------------------------------
| eval/                   |              |
|    mean_ep_length       | 262          |
|    mean_reward          | 278          |
| time/                   |              |
|    total_timesteps      | 1048576      |
| train/                  |              |
|    approx_kl            | 0.0034852524 |
|    clip_fraction        | 0.0215       |
|    clip_range           | 0.2          |
|    entropy_loss         | -2.32        |
|    explained_variance   | 0.979        |
|    learning_rate        | 0.0003       |
|    loss                 | 3.68         |
|    n_updates            | 252          |
|    policy_gradient_loss | -0.000189    |
|    std                  | 0.776        |
|    value_loss           | 43.5         |
------------------------------------------
---------------------------------
| rollout/           |          |
|    ep_len_mean     | 909      |
|    ep_rew_mean     | 152      |
| time/              |          |
|    fps             | 4548     |
|    iterations      | 64       |
|    time_elapsed    | 230      |
|    total_timesteps | 1048576  |
---------------------------------
Wrapping the env in a DummyVecEnv.
mlp after training: mean_reward=222.02 +/- 93.40

=== Experiment complete ===
Summary: outputs/lunarlander_ppo_parallel/PPO_CPU-20260728_211032-seed456/experiment_summary_mlp.json
mlp: final=222.02, best_eval=281.3802316
/home/leopold/anaconda3/envs/sac_sb3_demo/lib/python3.12/site-packages/pygame/pkgdata.py:25: UserWarning: pkg_resources is deprecated as an API. See https://setuptools.pypa.io/en/latest/pkg_resources.html. The pkg_resources package is slated for removal as early as 2025-11-30. Refrain from using this package or pin to Setuptools<81.
  from pkg_resources import resource_stream, resource_exists
/home/leopold/anaconda3/envs/sac_sb3_demo/lib/python3.12/site-packages/pygame/pkgdata.py:25: UserWarning: pkg_resources is deprecated as an API. See https://setuptools.pypa.io/en/latest/pkg_resources.html. The pkg_resources package is slated for removal as early as 2025-11-30. Refrain from using this package or pin to Setuptools<81.
  from pkg_resources import resource_stream, resource_exists
/home/leopold/anaconda3/envs/sac_sb3_demo/lib/python3.12/site-packages/pygame/pkgdata.py:25: UserWarning: pkg_resources is deprecated as an API. See https://setuptools.pypa.io/en/latest/pkg_resources.html. The pkg_resources package is slated for removal as early as 2025-11-30. Refrain from using this package or pin to Setuptools<81.
  from pkg_resources import resource_stream, resource_exists
/home/leopold/anaconda3/envs/sac_sb3_demo/lib/python3.12/site-packages/pygame/pkgdata.py:25: UserWarning: pkg_resources is deprecated as an API. See https://setuptools.pypa.io/en/latest/pkg_resources.html. The pkg_resources package is slated for removal as early as 2025-11-30. Refrain from using this package or pin to Setuptools<81.
  from pkg_resources import resource_stream, resource_exists
/home/leopold/anaconda3/envs/sac_sb3_demo/lib/python3.12/site-packages/pygame/pkgdata.py:25: UserWarning: pkg_resources is deprecated as an API. See https://setuptools.pypa.io/en/latest/pkg_resources.html. The pkg_resources package is slated for removal as early as 2025-11-30. Refrain from using this package or pin to Setuptools<81.
  from pkg_resources import resource_stream, resource_exists
/home/leopold/anaconda3/envs/sac_sb3_demo/lib/python3.12/site-packages/pygame/pkgdata.py:25: UserWarning: pkg_resources is deprecated as an API. See https://setuptools.pypa.io/en/latest/pkg_resources.html. The pkg_resources package is slated for removal as early as 2025-11-30. Refrain from using this package or pin to Setuptools<81.
  from pkg_resources import resource_stream, resource_exists
/home/leopold/anaconda3/envs/sac_sb3_demo/lib/python3.12/site-packages/pygame/pkgdata.py:25: UserWarning: pkg_resources is deprecated as an API. See https://setuptools.pypa.io/en/latest/pkg_resources.html. The pkg_resources package is slated for removal as early as 2025-11-30. Refrain from using this package or pin to Setuptools<81.
  from pkg_resources import resource_stream, resource_exists
/home/leopold/anaconda3/envs/sac_sb3_demo/lib/python3.12/site-packages/pygame/pkgdata.py:25: UserWarning: pkg_resources is deprecated as an API. See https://setuptools.pypa.io/en/latest/pkg_resources.html. The pkg_resources package is slated for removal as early as 2025-11-30. Refrain from using this package or pin to Setuptools<81.
  from pkg_resources import resource_stream, resource_exists
/home/leopold/anaconda3/envs/sac_sb3_demo/lib/python3.12/site-packages/pygame/pkgdata.py:25: UserWarning: pkg_resources is deprecated as an API. See https://setuptools.pypa.io/en/latest/pkg_resources.html. The pkg_resources package is slated for removal as early as 2025-11-30. Refrain from using this package or pin to Setuptools<81.
  from pkg_resources import resource_stream, resource_exists
/home/leopold/anaconda3/envs/sac_sb3_demo/lib/python3.12/site-packages/pygame/pkgdata.py:25: UserWarning: pkg_resources is deprecated as an API. See https://setuptools.pypa.io/en/latest/pkg_resources.html. The pkg_resources package is slated for removal as early as 2025-11-30. Refrain from using this package or pin to Setuptools<81.
  from pkg_resources import resource_stream, resource_exists
/home/leopold/anaconda3/envs/sac_sb3_demo/lib/python3.12/site-packages/pygame/pkgdata.py:25: UserWarning: pkg_resources is deprecated as an API. See https://setuptools.pypa.io/en/latest/pkg_resources.html. The pkg_resources package is slated for removal as early as 2025-11-30. Refrain from using this package or pin to Setuptools<81.
  from pkg_resources import resource_stream, resource_exists
/home/leopold/anaconda3/envs/sac_sb3_demo/lib/python3.12/site-packages/pygame/pkgdata.py:25: UserWarning: pkg_resources is deprecated as an API. See https://setuptools.pypa.io/en/latest/pkg_resources.html. The pkg_resources package is slated for removal as early as 2025-11-30. Refrain from using this package or pin to Setuptools<81.
  from pkg_resources import resource_stream, resource_exists
/home/leopold/anaconda3/envs/sac_sb3_demo/lib/python3.12/site-packages/pygame/pkgdata.py:25: UserWarning: pkg_resources is deprecated as an API. See https://setuptools.pypa.io/en/latest/pkg_resources.html. The pkg_resources package is slated for removal as early as 2025-11-30. Refrain from using this package or pin to Setuptools<81.
  from pkg_resources import resource_stream, resource_exists
/home/leopold/anaconda3/envs/sac_sb3_demo/lib/python3.12/site-packages/pygame/pkgdata.py:25: UserWarning: pkg_resources is deprecated as an API. See https://setuptools.pypa.io/en/latest/pkg_resources.html. The pkg_resources package is slated for removal as early as 2025-11-30. Refrain from using this package or pin to Setuptools<81.
  from pkg_resources import resource_stream, resource_exists
/home/leopold/anaconda3/envs/sac_sb3_demo/lib/python3.12/site-packages/pygame/pkgdata.py:25: UserWarning: pkg_resources is deprecated as an API. See https://setuptools.pypa.io/en/latest/pkg_resources.html. The pkg_resources package is slated for removal as early as 2025-11-30. Refrain from using this package or pin to Setuptools<81.
  from pkg_resources import resource_stream, resource_exists
/home/leopold/anaconda3/envs/sac_sb3_demo/lib/python3.12/site-packages/pygame/pkgdata.py:25: UserWarning: pkg_resources is deprecated as an API. See https://setuptools.pypa.io/en/latest/pkg_resources.html. The pkg_resources package is slated for removal as early as 2025-11-30. Refrain from using this package or pin to Setuptools<81.
  from pkg_resources import resource_stream, resource_exists
/home/leopold/anaconda3/envs/sac_sb3_demo/lib/python3.12/site-packages/pygame/pkgdata.py:25: UserWarning: pkg_resources is deprecated as an API. See https://setuptools.pypa.io/en/latest/pkg_resources.html. The pkg_resources package is slated for removal as early as 2025-11-30. Refrain from using this package or pin to Setuptools<81.
  from pkg_resources import resource_stream, resource_exists
/home/leopold/anaconda3/envs/sac_sb3_demo/lib/python3.12/site-packages/stable_baselines3/common/callbacks.py:418: UserWarning: Training and eval env are not of the same type<stable_baselines3.common.vec_env.subproc_vec_env.SubprocVecEnv object at 0x7fdb7dd9b170> != <stable_baselines3.common.vec_env.dummy_vec_env.DummyVecEnv object at 0x7fdb6f3f8590>
  warnings.warn("Training and eval env are not of the same type" f"{self.training_env} != {self.eval_env}")


