══════════════════════════════════════════
[7/9] PPO_GPU  seed=42  device=cuda
started: 2026年 07月 28日 星期二 23:12:40 CST
run_tag: PPO_GPU-20260728_211032-seed42
══════════════════════════════════════════
CUDA available: NVIDIA GeForce RTX 4070 Laptop GPU

=== Training variant: mlp ===
Using cuda device
mlp before training: mean_reward=-149.78 +/- 77.87
Logging to runs/lunarlander_ppo_parallel/PPO_GPU-20260728_211032-seed42/mlp_1
Eval num_timesteps=32768, episode_reward=-132.92 +/- 77.28
Episode length: 101.10 +/- 10.31
------------------------------------------
| eval/                   |              |
|    mean_ep_length       | 101          |
|    mean_reward          | -133         |
| time/                   |              |
|    total_timesteps      | 32768        |
| train/                  |              |
|    approx_kl            | 0.0048366883 |
|    clip_fraction        | 0.0467       |
|    clip_range           | 0.2          |
|    entropy_loss         | -2.84        |
|    explained_variance   | 0.000129     |
|    learning_rate        | 0.0003       |
|    loss                 | 2.86e+03     |
|    n_updates            | 4            |
|    policy_gradient_loss | -0.00409     |
|    std                  | 1.01         |
|    value_loss           | 6.87e+03     |
------------------------------------------
New best mean reward!
Eval num_timesteps=65536, episode_reward=-115.29 +/- 83.55
Episode length: 88.90 +/- 12.14
----------------------------------------
| eval/                   |            |
|    mean_ep_length       | 88.9       |
|    mean_reward          | -115       |
| time/                   |            |
|    total_timesteps      | 65536      |
| train/                  |            |
|    approx_kl            | 0.00708435 |
|    clip_fraction        | 0.0564     |
|    clip_range           | 0.2        |
|    entropy_loss         | -2.87      |
|    explained_variance   | 0.000698   |
|    learning_rate        | 0.0003     |
|    loss                 | 553        |
|    n_updates            | 12         |
|    policy_gradient_loss | -0.0041    |
|    std                  | 1.02       |
|    value_loss           | 1.32e+03   |
----------------------------------------
New best mean reward!
---------------------------------
| rollout/           |          |
|    ep_len_mean     | 130      |
|    ep_rew_mean     | -132     |
| time/              |          |
|    fps             | 5011     |
|    iterations      | 4        |
|    time_elapsed    | 13       |
|    total_timesteps | 65536    |
---------------------------------
Eval num_timesteps=98304, episode_reward=-24.97 +/- 95.86
Episode length: 123.20 +/- 127.24
------------------------------------------
| eval/                   |              |
|    mean_ep_length       | 123          |
|    mean_reward          | -25          |
| time/                   |              |
|    total_timesteps      | 98304        |
| train/                  |              |
|    approx_kl            | 0.0055524465 |
|    clip_fraction        | 0.0752       |
|    clip_range           | 0.2          |
|    entropy_loss         | -2.87        |
|    explained_variance   | -0.000117    |
|    learning_rate        | 0.0003       |
|    loss                 | 282          |
|    n_updates            | 20           |
|    policy_gradient_loss | -0.00333     |
|    std                  | 1.01         |
|    value_loss           | 570          |
------------------------------------------
New best mean reward!
Eval num_timesteps=131072, episode_reward=-88.68 +/- 58.20
Episode length: 109.70 +/- 12.78
------------------------------------------
| eval/                   |              |
|    mean_ep_length       | 110          |
|    mean_reward          | -88.7        |
| time/                   |              |
|    total_timesteps      | 131072       |
| train/                  |              |
|    approx_kl            | 0.0053643053 |
|    clip_fraction        | 0.0335       |
|    clip_range           | 0.2          |
|    entropy_loss         | -2.86        |
|    explained_variance   | -0.000186    |
|    learning_rate        | 0.0003       |
|    loss                 | 195          |
|    n_updates            | 28           |
|    policy_gradient_loss | -0.00153     |
|    std                  | 1.01         |
|    value_loss           | 473          |
------------------------------------------
---------------------------------
| rollout/           |          |
|    ep_len_mean     | 128      |
|    ep_rew_mean     | -44      |
| time/              |          |
|    fps             | 4576     |
|    iterations      | 8        |
|    time_elapsed    | 28       |
|    total_timesteps | 131072   |
---------------------------------
Eval num_timesteps=163840, episode_reward=-26.20 +/- 136.53
Episode length: 252.60 +/- 252.54
-----------------------------------------
| eval/                   |             |
|    mean_ep_length       | 253         |
|    mean_reward          | -26.2       |
| time/                   |             |
|    total_timesteps      | 163840      |
| train/                  |             |
|    approx_kl            | 0.004864583 |
|    clip_fraction        | 0.0375      |
|    clip_range           | 0.2         |
|    entropy_loss         | -2.86       |
|    explained_variance   | -5.6e-06    |
|    learning_rate        | 0.0003      |
|    loss                 | 181         |
|    n_updates            | 36          |
|    policy_gradient_loss | -0.00243    |
|    std                  | 1.01        |
|    value_loss           | 445         |
-----------------------------------------
Eval num_timesteps=196608, episode_reward=-83.68 +/- 43.83
Episode length: 226.40 +/- 259.42
-----------------------------------------
| eval/                   |             |
|    mean_ep_length       | 226         |
|    mean_reward          | -83.7       |
| time/                   |             |
|    total_timesteps      | 196608      |
| train/                  |             |
|    approx_kl            | 0.005592142 |
|    clip_fraction        | 0.0515      |
|    clip_range           | 0.2         |
|    entropy_loss         | -2.88       |
|    explained_variance   | -3.34e-06   |
|    learning_rate        | 0.0003      |
|    loss                 | 259         |
|    n_updates            | 44          |
|    policy_gradient_loss | -0.000952   |
|    std                  | 1.03        |
|    value_loss           | 765         |
-----------------------------------------
---------------------------------
| rollout/           |          |
|    ep_len_mean     | 209      |
|    ep_rew_mean     | -15.1    |
| time/              |          |
|    fps             | 4371     |
|    iterations      | 12       |
|    time_elapsed    | 44       |
|    total_timesteps | 196608   |
---------------------------------
Eval num_timesteps=229376, episode_reward=-58.11 +/- 69.38
Episode length: 439.90 +/- 381.04
-----------------------------------------
| eval/                   |             |
|    mean_ep_length       | 440         |
|    mean_reward          | -58.1       |
| time/                   |             |
|    total_timesteps      | 229376      |
| train/                  |             |
|    approx_kl            | 0.003491885 |
|    clip_fraction        | 0.0319      |
|    clip_range           | 0.2         |
|    entropy_loss         | -2.88       |
|    explained_variance   | -7.15e-07   |
|    learning_rate        | 0.0003      |
|    loss                 | 290         |
|    n_updates            | 52          |
|    policy_gradient_loss | 4.51e-05    |
|    std                  | 1.03        |
|    value_loss           | 636         |
-----------------------------------------
Eval num_timesteps=262144, episode_reward=-0.20 +/- 154.37
Episode length: 387.50 +/- 228.98
------------------------------------------
| eval/                   |              |
|    mean_ep_length       | 388          |
|    mean_reward          | -0.201       |
| time/                   |              |
|    total_timesteps      | 262144       |
| train/                  |              |
|    approx_kl            | 0.0052116243 |
|    clip_fraction        | 0.0481       |
|    clip_range           | 0.2          |
|    entropy_loss         | -2.9         |
|    explained_variance   | 0            |
|    learning_rate        | 0.0003       |
|    loss                 | 353          |
|    n_updates            | 60           |
|    policy_gradient_loss | -0.000824    |
|    std                  | 1.03         |
|    value_loss           | 645          |
------------------------------------------
New best mean reward!
---------------------------------
| rollout/           |          |
|    ep_len_mean     | 262      |
|    ep_rew_mean     | 1.64     |
| time/              |          |
|    fps             | 4201     |
|    iterations      | 16       |
|    time_elapsed    | 62       |
|    total_timesteps | 262144   |
---------------------------------
Eval num_timesteps=294912, episode_reward=183.49 +/- 120.17
Episode length: 374.00 +/- 120.71
------------------------------------------
| eval/                   |              |
|    mean_ep_length       | 374          |
|    mean_reward          | 183          |
| time/                   |              |
|    total_timesteps      | 294912       |
| train/                  |              |
|    approx_kl            | 0.0037588906 |
|    clip_fraction        | 0.042        |
|    clip_range           | 0.2          |
|    entropy_loss         | -2.91        |
|    explained_variance   | -2.38e-07    |
|    learning_rate        | 0.0003       |
|    loss                 | 352          |
|    n_updates            | 68           |
|    policy_gradient_loss | -0.000773    |
|    std                  | 1.03         |
|    value_loss           | 746          |
------------------------------------------
New best mean reward!
Eval num_timesteps=327680, episode_reward=121.75 +/- 149.15
Episode length: 288.50 +/- 105.87
------------------------------------------
| eval/                   |              |
|    mean_ep_length       | 288          |
|    mean_reward          | 122          |
| time/                   |              |
|    total_timesteps      | 327680       |
| train/                  |              |
|    approx_kl            | 0.0063768146 |
|    clip_fraction        | 0.0575       |
|    clip_range           | 0.2          |
|    entropy_loss         | -2.9         |
|    explained_variance   | 1.19e-07     |
|    learning_rate        | 0.0003       |
|    loss                 | 191          |
|    n_updates            | 76           |
|    policy_gradient_loss | -0.000483    |
|    std                  | 1.03         |
|    value_loss           | 609          |
------------------------------------------
---------------------------------
| rollout/           |          |
|    ep_len_mean     | 508      |
|    ep_rew_mean     | -0.436   |
| time/              |          |
|    fps             | 4139     |
|    iterations      | 20       |
|    time_elapsed    | 79       |
|    total_timesteps | 327680   |
---------------------------------
Eval num_timesteps=360448, episode_reward=183.00 +/- 84.62
Episode length: 310.80 +/- 92.50
------------------------------------------
| eval/                   |              |
|    mean_ep_length       | 311          |
|    mean_reward          | 183          |
| time/                   |              |
|    total_timesteps      | 360448       |
| train/                  |              |
|    approx_kl            | 0.0056197084 |
|    clip_fraction        | 0.0504       |
|    clip_range           | 0.2          |
|    entropy_loss         | -2.92        |
|    explained_variance   | 2.38e-07     |
|    learning_rate        | 0.0003       |
|    loss                 | 200          |
|    n_updates            | 84           |
|    policy_gradient_loss | -0.000126    |
|    std                  | 1.04         |
|    value_loss           | 552          |
------------------------------------------
Eval num_timesteps=393216, episode_reward=151.05 +/- 145.15
Episode length: 263.80 +/- 72.76
------------------------------------------
| eval/                   |              |
|    mean_ep_length       | 264          |
|    mean_reward          | 151          |
| time/                   |              |
|    total_timesteps      | 393216       |
| train/                  |              |
|    approx_kl            | 0.0038677747 |
|    clip_fraction        | 0.0253       |
|    clip_range           | 0.2          |
|    entropy_loss         | -2.92        |
|    explained_variance   | 0.687        |
|    learning_rate        | 0.0003       |
|    loss                 | 94.4         |
|    n_updates            | 92           |
|    policy_gradient_loss | -0.00194     |
|    std                  | 1.04         |
|    value_loss           | 167          |
------------------------------------------
---------------------------------
| rollout/           |          |
|    ep_len_mean     | 759      |
|    ep_rew_mean     | 11.7     |
| time/              |          |
|    fps             | 4108     |
|    iterations      | 24       |
|    time_elapsed    | 95       |
|    total_timesteps | 393216   |
---------------------------------
Eval num_timesteps=425984, episode_reward=199.66 +/- 91.63
Episode length: 376.40 +/- 165.99
-----------------------------------------
| eval/                   |             |
|    mean_ep_length       | 376         |
|    mean_reward          | 200         |
| time/                   |             |
|    total_timesteps      | 425984      |
| train/                  |             |
|    approx_kl            | 0.003953509 |
|    clip_fraction        | 0.0249      |
|    clip_range           | 0.2         |
|    entropy_loss         | -2.91       |
|    explained_variance   | 0.836       |
|    learning_rate        | 0.0003      |
|    loss                 | 36.9        |
|    n_updates            | 100         |
|    policy_gradient_loss | -0.000969   |
|    std                  | 1.04        |
|    value_loss           | 183         |
-----------------------------------------
New best mean reward!
Eval num_timesteps=458752, episode_reward=239.63 +/- 40.26
Episode length: 322.30 +/- 116.17
-----------------------------------------
| eval/                   |             |
|    mean_ep_length       | 322         |
|    mean_reward          | 240         |
| time/                   |             |
|    total_timesteps      | 458752      |
| train/                  |             |
|    approx_kl            | 0.005391539 |
|    clip_fraction        | 0.0442      |
|    clip_range           | 0.2         |
|    entropy_loss         | -2.9        |
|    explained_variance   | 0.914       |
|    learning_rate        | 0.0003      |
|    loss                 | 23.3        |
|    n_updates            | 108         |
|    policy_gradient_loss | -0.00103    |
|    std                  | 1.03        |
|    value_loss           | 108         |
-----------------------------------------
New best mean reward!
---------------------------------
| rollout/           |          |
|    ep_len_mean     | 834      |
|    ep_rew_mean     | 51.6     |
| time/              |          |
|    fps             | 4066     |
|    iterations      | 28       |
|    time_elapsed    | 112      |
|    total_timesteps | 458752   |
---------------------------------
Eval num_timesteps=491520, episode_reward=208.31 +/- 103.13
Episode length: 272.90 +/- 42.12
------------------------------------------
| eval/                   |              |
|    mean_ep_length       | 273          |
|    mean_reward          | 208          |
| time/                   |              |
|    total_timesteps      | 491520       |
| train/                  |              |
|    approx_kl            | 0.0052004014 |
|    clip_fraction        | 0.0539       |
|    clip_range           | 0.2          |
|    entropy_loss         | -2.87        |
|    explained_variance   | 0.95         |
|    learning_rate        | 0.0003       |
|    loss                 | 13.6         |
|    n_updates            | 116          |
|    policy_gradient_loss | -0.00141     |
|    std                  | 1.02         |
|    value_loss           | 64.6         |
------------------------------------------
Eval num_timesteps=524288, episode_reward=256.37 +/- 25.77
Episode length: 277.00 +/- 28.50
------------------------------------------
| eval/                   |              |
|    mean_ep_length       | 277          |
|    mean_reward          | 256          |
| time/                   |              |
|    total_timesteps      | 524288       |
| train/                  |              |
|    approx_kl            | 0.0043313024 |
|    clip_fraction        | 0.0421       |
|    clip_range           | 0.2          |
|    entropy_loss         | -2.87        |
|    explained_variance   | 0.97         |
|    learning_rate        | 0.0003       |
|    loss                 | 25.6         |
|    n_updates            | 124          |
|    policy_gradient_loss | -0.000741    |
|    std                  | 1.01         |
|    value_loss           | 37.6         |
------------------------------------------
New best mean reward!
---------------------------------
| rollout/           |          |
|    ep_len_mean     | 903      |
|    ep_rew_mean     | 87.4     |
| time/              |          |
|    fps             | 4054     |
|    iterations      | 32       |
|    time_elapsed    | 129      |
|    total_timesteps | 524288   |
---------------------------------
Eval num_timesteps=557056, episode_reward=250.74 +/- 29.29
Episode length: 278.30 +/- 28.59
-----------------------------------------
| eval/                   |             |
|    mean_ep_length       | 278         |
|    mean_reward          | 251         |
| time/                   |             |
|    total_timesteps      | 557056      |
| train/                  |             |
|    approx_kl            | 0.004919923 |
|    clip_fraction        | 0.0487      |
|    clip_range           | 0.2         |
|    entropy_loss         | -2.84       |
|    explained_variance   | 0.978       |
|    learning_rate        | 0.0003      |
|    loss                 | 15.6        |
|    n_updates            | 132         |
|    policy_gradient_loss | -0.00135    |
|    std                  | 1           |
|    value_loss           | 33.1        |
-----------------------------------------
Eval num_timesteps=589824, episode_reward=213.84 +/- 86.74
Episode length: 273.00 +/- 39.71
-----------------------------------------
| eval/                   |             |
|    mean_ep_length       | 273         |
|    mean_reward          | 214         |
| time/                   |             |
|    total_timesteps      | 589824      |
| train/                  |             |
|    approx_kl            | 0.004965444 |
|    clip_fraction        | 0.0462      |
|    clip_range           | 0.2         |
|    entropy_loss         | -2.84       |
|    explained_variance   | 0.954       |
|    learning_rate        | 0.0003      |
|    loss                 | 40.3        |
|    n_updates            | 140         |
|    policy_gradient_loss | -0.00146    |
|    std                  | 1           |
|    value_loss           | 71          |
-----------------------------------------
---------------------------------
| rollout/           |          |
|    ep_len_mean     | 872      |
|    ep_rew_mean     | 99       |
| time/              |          |
|    fps             | 4051     |
|    iterations      | 36       |
|    time_elapsed    | 145      |
|    total_timesteps | 589824   |
---------------------------------
Eval num_timesteps=622592, episode_reward=263.95 +/- 21.73
Episode length: 271.20 +/- 28.81
-----------------------------------------
| eval/                   |             |
|    mean_ep_length       | 271         |
|    mean_reward          | 264         |
| time/                   |             |
|    total_timesteps      | 622592      |
| train/                  |             |
|    approx_kl            | 0.006531094 |
|    clip_fraction        | 0.0683      |
|    clip_range           | 0.2         |
|    entropy_loss         | -2.83       |
|    explained_variance   | 0.961       |
|    learning_rate        | 0.0003      |
|    loss                 | 35.5        |
|    n_updates            | 148         |
|    policy_gradient_loss | -0.00139    |
|    std                  | 1           |
|    value_loss           | 52          |
-----------------------------------------
New best mean reward!
Eval num_timesteps=655360, episode_reward=230.95 +/- 69.14
Episode length: 274.40 +/- 32.62
------------------------------------------
| eval/                   |              |
|    mean_ep_length       | 274          |
|    mean_reward          | 231          |
| time/                   |              |
|    total_timesteps      | 655360       |
| train/                  |              |
|    approx_kl            | 0.0051086815 |
|    clip_fraction        | 0.048        |
|    clip_range           | 0.2          |
|    entropy_loss         | -2.81        |
|    explained_variance   | 0.95         |
|    learning_rate        | 0.0003       |
|    loss                 | 45.3         |
|    n_updates            | 156          |
|    policy_gradient_loss | -0.00118     |
|    std                  | 0.988        |
|    value_loss           | 78.4         |
------------------------------------------
---------------------------------
| rollout/           |          |
|    ep_len_mean     | 812      |
|    ep_rew_mean     | 99.9     |
| time/              |          |
|    fps             | 4054     |
|    iterations      | 40       |
|    time_elapsed    | 161      |
|    total_timesteps | 655360   |
---------------------------------
Eval num_timesteps=688128, episode_reward=251.21 +/- 18.19
Episode length: 291.90 +/- 28.62
-----------------------------------------
| eval/                   |             |
|    mean_ep_length       | 292         |
|    mean_reward          | 251         |
| time/                   |             |
|    total_timesteps      | 688128      |
| train/                  |             |
|    approx_kl            | 0.005864668 |
|    clip_fraction        | 0.0529      |
|    clip_range           | 0.2         |
|    entropy_loss         | -2.81       |
|    explained_variance   | 0.978       |
|    learning_rate        | 0.0003      |
|    loss                 | 6.39        |
|    n_updates            | 164         |
|    policy_gradient_loss | -0.000428   |
|    std                  | 0.991       |
|    value_loss           | 29.8        |
-----------------------------------------
Eval num_timesteps=720896, episode_reward=237.08 +/- 66.20
Episode length: 301.30 +/- 44.28
------------------------------------------
| eval/                   |              |
|    mean_ep_length       | 301          |
|    mean_reward          | 237          |
| time/                   |              |
|    total_timesteps      | 720896       |
| train/                  |              |
|    approx_kl            | 0.0040404014 |
|    clip_fraction        | 0.0499       |
|    clip_range           | 0.2          |
|    entropy_loss         | -2.8         |
|    explained_variance   | 0.968        |
|    learning_rate        | 0.0003       |
|    loss                 | 38.4         |
|    n_updates            | 172          |
|    policy_gradient_loss | -0.000254    |
|    std                  | 0.984        |
|    value_loss           | 43.9         |
------------------------------------------
---------------------------------
| rollout/           |          |
|    ep_len_mean     | 901      |
|    ep_rew_mean     | 109      |
| time/              |          |
|    fps             | 4052     |
|    iterations      | 44       |
|    time_elapsed    | 177      |
|    total_timesteps | 720896   |
---------------------------------
Eval num_timesteps=753664, episode_reward=262.43 +/- 20.56
Episode length: 326.80 +/- 37.91
------------------------------------------
| eval/                   |              |
|    mean_ep_length       | 327          |
|    mean_reward          | 262          |
| time/                   |              |
|    total_timesteps      | 753664       |
| train/                  |              |
|    approx_kl            | 0.0042034676 |
|    clip_fraction        | 0.042        |
|    clip_range           | 0.2          |
|    entropy_loss         | -2.78        |
|    explained_variance   | 0.988        |
|    learning_rate        | 0.0003       |
|    loss                 | 7.05         |
|    n_updates            | 180          |
|    policy_gradient_loss | -0.000694    |
|    std                  | 0.973        |
|    value_loss           | 15.9         |
------------------------------------------
Eval num_timesteps=786432, episode_reward=266.77 +/- 26.17
Episode length: 321.20 +/- 36.75
-----------------------------------------
| eval/                   |             |
|    mean_ep_length       | 321         |
|    mean_reward          | 267         |
| time/                   |             |
|    total_timesteps      | 786432      |
| train/                  |             |
|    approx_kl            | 0.003917986 |
|    clip_fraction        | 0.0412      |
|    clip_range           | 0.2         |
|    entropy_loss         | -2.75       |
|    explained_variance   | 0.985       |
|    learning_rate        | 0.0003      |
|    loss                 | 1.9         |
|    n_updates            | 188         |
|    policy_gradient_loss | 0.000263    |
|    std                  | 0.96        |
|    value_loss           | 14.7        |
-----------------------------------------
New best mean reward!
---------------------------------
| rollout/           |          |
|    ep_len_mean     | 968      |
|    ep_rew_mean     | 131      |
| time/              |          |
|    fps             | 4042     |
|    iterations      | 48       |
|    time_elapsed    | 194      |
|    total_timesteps | 786432   |
---------------------------------
Eval num_timesteps=819200, episode_reward=257.32 +/- 22.68
Episode length: 318.40 +/- 21.96
-----------------------------------------
| eval/                   |             |
|    mean_ep_length       | 318         |
|    mean_reward          | 257         |
| time/                   |             |
|    total_timesteps      | 819200      |
| train/                  |             |
|    approx_kl            | 0.003747751 |
|    clip_fraction        | 0.0342      |
|    clip_range           | 0.2         |
|    entropy_loss         | -2.74       |
|    explained_variance   | 0.984       |
|    learning_rate        | 0.0003      |
|    loss                 | 7.11        |
|    n_updates            | 196         |
|    policy_gradient_loss | 0.000283    |
|    std                  | 0.958       |
|    value_loss           | 19.8        |
-----------------------------------------
Eval num_timesteps=851968, episode_reward=258.46 +/- 16.76
Episode length: 324.70 +/- 35.01
-----------------------------------------
| eval/                   |             |
|    mean_ep_length       | 325         |
|    mean_reward          | 258         |
| time/                   |             |
|    total_timesteps      | 851968      |
| train/                  |             |
|    approx_kl            | 0.004971079 |
|    clip_fraction        | 0.051       |
|    clip_range           | 0.2         |
|    entropy_loss         | -2.74       |
|    explained_variance   | 0.993       |
|    learning_rate        | 0.0003      |
|    loss                 | 1.28        |
|    n_updates            | 204         |
|    policy_gradient_loss | -0.000379   |
|    std                  | 0.955       |
|    value_loss           | 7.2         |
-----------------------------------------
---------------------------------
| rollout/           |          |
|    ep_len_mean     | 967      |
|    ep_rew_mean     | 142      |
| time/              |          |
|    fps             | 4032     |
|    iterations      | 52       |
|    time_elapsed    | 211      |
|    total_timesteps | 851968   |
---------------------------------
Eval num_timesteps=884736, episode_reward=249.30 +/- 17.07
Episode length: 329.70 +/- 33.43
-----------------------------------------
| eval/                   |             |
|    mean_ep_length       | 330         |
|    mean_reward          | 249         |
| time/                   |             |
|    total_timesteps      | 884736      |
| train/                  |             |
|    approx_kl            | 0.004456275 |
|    clip_fraction        | 0.0489      |
|    clip_range           | 0.2         |
|    entropy_loss         | -2.73       |
|    explained_variance   | 0.991       |
|    learning_rate        | 0.0003      |
|    loss                 | 2.7         |
|    n_updates            | 212         |
|    policy_gradient_loss | -0.000804   |
|    std                  | 0.955       |
|    value_loss           | 10.9        |
-----------------------------------------
Eval num_timesteps=917504, episode_reward=263.95 +/- 22.47
Episode length: 307.70 +/- 16.32
------------------------------------------
| eval/                   |              |
|    mean_ep_length       | 308          |
|    mean_reward          | 264          |
| time/                   |              |
|    total_timesteps      | 917504       |
| train/                  |              |
|    approx_kl            | 0.0047790892 |
|    clip_fraction        | 0.0412       |
|    clip_range           | 0.2          |
|    entropy_loss         | -2.71        |
|    explained_variance   | 0.996        |
|    learning_rate        | 0.0003       |
|    loss                 | 1.68         |
|    n_updates            | 220          |
|    policy_gradient_loss | 0.000678     |
|    std                  | 0.941        |
|    value_loss           | 4.3          |
------------------------------------------
---------------------------------
| rollout/           |          |
|    ep_len_mean     | 976      |
|    ep_rew_mean     | 145      |
| time/              |          |
|    fps             | 4024     |
|    iterations      | 56       |
|    time_elapsed    | 228      |
|    total_timesteps | 917504   |
---------------------------------
Eval num_timesteps=950272, episode_reward=274.33 +/- 23.81
Episode length: 297.10 +/- 18.34
-----------------------------------------
| eval/                   |             |
|    mean_ep_length       | 297         |
|    mean_reward          | 274         |
| time/                   |             |
|    total_timesteps      | 950272      |
| train/                  |             |
|    approx_kl            | 0.005022062 |
|    clip_fraction        | 0.0562      |
|    clip_range           | 0.2         |
|    entropy_loss         | -2.69       |
|    explained_variance   | 0.997       |
|    learning_rate        | 0.0003      |
|    loss                 | 0.745       |
|    n_updates            | 228         |
|    policy_gradient_loss | -0.000273   |
|    std                  | 0.933       |
|    value_loss           | 3.79        |
-----------------------------------------
New best mean reward!
Eval num_timesteps=983040, episode_reward=261.18 +/- 18.11
Episode length: 315.50 +/- 20.04
------------------------------------------
| eval/                   |              |
|    mean_ep_length       | 316          |
|    mean_reward          | 261          |
| time/                   |              |
|    total_timesteps      | 983040       |
| train/                  |              |
|    approx_kl            | 0.0054512946 |
|    clip_fraction        | 0.0539       |
|    clip_range           | 0.2          |
|    entropy_loss         | -2.69        |
|    explained_variance   | 0.99         |
|    learning_rate        | 0.0003       |
|    loss                 | 3.8          |
|    n_updates            | 236          |
|    policy_gradient_loss | -0.00101     |
|    std                  | 0.929        |
|    value_loss           | 14.8         |
------------------------------------------
---------------------------------
| rollout/           |          |
|    ep_len_mean     | 968      |
|    ep_rew_mean     | 146      |
| time/              |          |
|    fps             | 4020     |
|    iterations      | 60       |
|    time_elapsed    | 244      |
|    total_timesteps | 983040   |
---------------------------------
Eval num_timesteps=1015808, episode_reward=251.20 +/- 21.33
Episode length: 339.80 +/- 21.16
------------------------------------------
| eval/                   |              |
|    mean_ep_length       | 340          |
|    mean_reward          | 251          |
| time/                   |              |
|    total_timesteps      | 1015808      |
| train/                  |              |
|    approx_kl            | 0.0059456807 |
|    clip_fraction        | 0.0468       |
|    clip_range           | 0.2          |
|    entropy_loss         | -2.69        |
|    explained_variance   | 0.991        |
|    learning_rate        | 0.0003       |
|    loss                 | 2.75         |
|    n_updates            | 244          |
|    policy_gradient_loss | -4.36e-05    |
|    std                  | 0.929        |
|    value_loss           | 10           |
------------------------------------------
Eval num_timesteps=1048576, episode_reward=252.22 +/- 23.17
Episode length: 309.80 +/- 13.00
-----------------------------------------
| eval/                   |             |
|    mean_ep_length       | 310         |
|    mean_reward          | 252         |
| time/                   |             |
|    total_timesteps      | 1048576     |
| train/                  |             |
|    approx_kl            | 0.003506357 |
|    clip_fraction        | 0.0415      |
|    clip_range           | 0.2         |
|    entropy_loss         | -2.63       |
|    explained_variance   | 0.997       |
|    learning_rate        | 0.0003      |
|    loss                 | 0.314       |
|    n_updates            | 252         |
|    policy_gradient_loss | 0.000203    |
|    std                  | 0.894       |
|    value_loss           | 2.74        |
-----------------------------------------
---------------------------------
| rollout/           |          |
|    ep_len_mean     | 967      |
|    ep_rew_mean     | 149      |
| time/              |          |
|    fps             | 4014     |
|    iterations      | 64       |
|    time_elapsed    | 261      |
|    total_timesteps | 1048576  |
---------------------------------
Wrapping the env in a DummyVecEnv.
mlp after training: mean_reward=249.30 +/- 21.01

=== Experiment complete ===
Summary: outputs/lunarlander_ppo_parallel/PPO_GPU-20260728_211032-seed42/experiment_summary_mlp.json
mlp: final=249.30, best_eval=274.33373169999993
/home/leopold/anaconda3/envs/sac_sb3_demo/lib/python3.12/site-packages/pygame/pkgdata.py:25: UserWarning: pkg_resources is deprecated as an API. See https://setuptools.pypa.io/en/latest/pkg_resources.html. The pkg_resources package is slated for removal as early as 2025-11-30. Refrain from using this package or pin to Setuptools<81.
  from pkg_resources import resource_stream, resource_exists
/home/leopold/anaconda3/envs/sac_sb3_demo/lib/python3.12/site-packages/pygame/pkgdata.py:25: UserWarning: pkg_resources is deprecated as an API. See https://setuptools.pypa.io/en/latest/pkg_resources.html. The pkg_resources package is slated for removal as early as 2025-11-30. Refrain from using this package or pin to Setuptools<81.
  from pkg_resources import resource_stream, resource_exists
/home/leopold/anaconda3/envs/sac_sb3_demo/lib/python3.12/site-packages/pygame/pkgdata.py:25: UserWarning: pkg_resources is deprecated as an API. See https://setuptools.pypa.io/en/latest/pkg_resources.html. The pkg_resources package is slated for removal as early as 2025-11-30. Refrain from using this package or pin to Setuptools<81.
  from pkg_resources import resource_stream, resource_exists
/home/leopold/anaconda3/envs/sac_sb3_demo/lib/python3.12/site-packages/pygame/pkgdata.py:25: UserWarning: pkg_resources is deprecated as an API. See https://setuptools.pypa.io/en/latest/pkg_resources.html. The pkg_resources package is slated for removal as early as 2025-11-30. Refrain from using this package or pin to Setuptools<81.
  from pkg_resources import resource_stream, resource_exists
/home/leopold/anaconda3/envs/sac_sb3_demo/lib/python3.12/site-packages/pygame/pkgdata.py:25: UserWarning: pkg_resources is deprecated as an API. See https://setuptools.pypa.io/en/latest/pkg_resources.html. The pkg_resources package is slated for removal as early as 2025-11-30. Refrain from using this package or pin to Setuptools<81.
  from pkg_resources import resource_stream, resource_exists
/home/leopold/anaconda3/envs/sac_sb3_demo/lib/python3.12/site-packages/pygame/pkgdata.py:25: UserWarning: pkg_resources is deprecated as an API. See https://setuptools.pypa.io/en/latest/pkg_resources.html. The pkg_resources package is slated for removal as early as 2025-11-30. Refrain from using this package or pin to Setuptools<81.
  from pkg_resources import resource_stream, resource_exists
/home/leopold/anaconda3/envs/sac_sb3_demo/lib/python3.12/site-packages/pygame/pkgdata.py:25: UserWarning: pkg_resources is deprecated as an API. See https://setuptools.pypa.io/en/latest/pkg_resources.html. The pkg_resources package is slated for removal as early as 2025-11-30. Refrain from using this package or pin to Setuptools<81.
  from pkg_resources import resource_stream, resource_exists
/home/leopold/anaconda3/envs/sac_sb3_demo/lib/python3.12/site-packages/pygame/pkgdata.py:25: UserWarning: pkg_resources is deprecated as an API. See https://setuptools.pypa.io/en/latest/pkg_resources.html. The pkg_resources package is slated for removal as early as 2025-11-30. Refrain from using this package or pin to Setuptools<81.
  from pkg_resources import resource_stream, resource_exists
/home/leopold/anaconda3/envs/sac_sb3_demo/lib/python3.12/site-packages/pygame/pkgdata.py:25: UserWarning: pkg_resources is deprecated as an API. See https://setuptools.pypa.io/en/latest/pkg_resources.html. The pkg_resources package is slated for removal as early as 2025-11-30. Refrain from using this package or pin to Setuptools<81.
  from pkg_resources import resource_stream, resource_exists
/home/leopold/anaconda3/envs/sac_sb3_demo/lib/python3.12/site-packages/pygame/pkgdata.py:25: UserWarning: pkg_resources is deprecated as an API. See https://setuptools.pypa.io/en/latest/pkg_resources.html. The pkg_resources package is slated for removal as early as 2025-11-30. Refrain from using this package or pin to Setuptools<81.
  from pkg_resources import resource_stream, resource_exists
/home/leopold/anaconda3/envs/sac_sb3_demo/lib/python3.12/site-packages/pygame/pkgdata.py:25: UserWarning: pkg_resources is deprecated as an API. See https://setuptools.pypa.io/en/latest/pkg_resources.html. The pkg_resources package is slated for removal as early as 2025-11-30. Refrain from using this package or pin to Setuptools<81.
  from pkg_resources import resource_stream, resource_exists
/home/leopold/anaconda3/envs/sac_sb3_demo/lib/python3.12/site-packages/pygame/pkgdata.py:25: UserWarning: pkg_resources is deprecated as an API. See https://setuptools.pypa.io/en/latest/pkg_resources.html. The pkg_resources package is slated for removal as early as 2025-11-30. Refrain from using this package or pin to Setuptools<81.
  from pkg_resources import resource_stream, resource_exists
/home/leopold/anaconda3/envs/sac_sb3_demo/lib/python3.12/site-packages/pygame/pkgdata.py:25: UserWarning: pkg_resources is deprecated as an API. See https://setuptools.pypa.io/en/latest/pkg_resources.html. The pkg_resources package is slated for removal as early as 2025-11-30. Refrain from using this package or pin to Setuptools<81.
  from pkg_resources import resource_stream, resource_exists
/home/leopold/anaconda3/envs/sac_sb3_demo/lib/python3.12/site-packages/pygame/pkgdata.py:25: UserWarning: pkg_resources is deprecated as an API. See https://setuptools.pypa.io/en/latest/pkg_resources.html. The pkg_resources package is slated for removal as early as 2025-11-30. Refrain from using this package or pin to Setuptools<81.
  from pkg_resources import resource_stream, resource_exists
/home/leopold/anaconda3/envs/sac_sb3_demo/lib/python3.12/site-packages/pygame/pkgdata.py:25: UserWarning: pkg_resources is deprecated as an API. See https://setuptools.pypa.io/en/latest/pkg_resources.html. The pkg_resources package is slated for removal as early as 2025-11-30. Refrain from using this package or pin to Setuptools<81.
  from pkg_resources import resource_stream, resource_exists
/home/leopold/anaconda3/envs/sac_sb3_demo/lib/python3.12/site-packages/pygame/pkgdata.py:25: UserWarning: pkg_resources is deprecated as an API. See https://setuptools.pypa.io/en/latest/pkg_resources.html. The pkg_resources package is slated for removal as early as 2025-11-30. Refrain from using this package or pin to Setuptools<81.
  from pkg_resources import resource_stream, resource_exists
/home/leopold/anaconda3/envs/sac_sb3_demo/lib/python3.12/site-packages/pygame/pkgdata.py:25: UserWarning: pkg_resources is deprecated as an API. See https://setuptools.pypa.io/en/latest/pkg_resources.html. The pkg_resources package is slated for removal as early as 2025-11-30. Refrain from using this package or pin to Setuptools<81.
  from pkg_resources import resource_stream, resource_exists
/home/leopold/anaconda3/envs/sac_sb3_demo/lib/python3.12/site-packages/stable_baselines3/common/on_policy_algorithm.py:150: UserWarning: You are trying to run PPO on the GPU, but it is primarily intended to run on the CPU when not using a CNN policy (you are using ActorCriticPolicy which should be a MlpPolicy). See https://github.com/DLR-RM/stable-baselines3/issues/1245 for more info. You can pass `device='cpu'` or `export CUDA_VISIBLE_DEVICES=` to force using the CPU.Note: The model will train, but the GPU utilization will be poor and the training might take longer than on CPU.
  warnings.warn(
/home/leopold/anaconda3/envs/sac_sb3_demo/lib/python3.12/site-packages/stable_baselines3/common/callbacks.py:418: UserWarning: Training and eval env are not of the same type<stable_baselines3.common.vec_env.subproc_vec_env.SubprocVecEnv object at 0x765dab941d00> != <stable_baselines3.common.vec_env.dummy_vec_env.DummyVecEnv object at 0x765dad11bdd0>
  warnings.warn("Training and eval env are not of the same type" f"{self.training_env} != {self.eval_env}")
/home/leopold/anaconda3/envs/sac_sb3_demo/lib/python3.12/site-packages/stable_baselines3/common/on_policy_algorithm.py:150: UserWarning: You are trying to run PPO on the GPU, but it is primarily intended to run on the CPU when not using a CNN policy (you are using ActorCriticPolicy which should be a MlpPolicy). See https://github.com/DLR-RM/stable-baselines3/issues/1245 for more info. You can pass `device='cpu'` or `export CUDA_VISIBLE_DEVICES=` to force using the CPU.Note: The model will train, but the GPU utilization will be poor and the training might take longer than on CPU.
  warnings.warn(


