==============================================
[1/1] seed=17 device=cpu
started: Mon Jul 27 20:44:10 CST 2026
run_tag: sac-rbf-script-smoke-20260727_204410-seed17
==============================================
Matplotlib is building the font cache; this may take a moment.

=== Training variant: mlp ===
/opt/miniconda3/envs/cybernetic_env/lib/python3.12/site-packages/pygame/pkgdata.py:25: UserWarning: pkg_resources is deprecated as an API. See https://setuptools.pypa.io/en/latest/pkg_resources.html. The pkg_resources package is slated for removal as early as 2025-11-30. Refrain from using this package or pin to Setuptools<81.
  from pkg_resources import resource_stream, resource_exists
/opt/miniconda3/envs/cybernetic_env/lib/python3.12/site-packages/pygame/pkgdata.py:25: UserWarning: pkg_resources is deprecated as an API. See https://setuptools.pypa.io/en/latest/pkg_resources.html. The pkg_resources package is slated for removal as early as 2025-11-30. Refrain from using this package or pin to Setuptools<81.
  from pkg_resources import resource_stream, resource_exists
/opt/miniconda3/envs/cybernetic_env/lib/python3.12/site-packages/pygame/pkgdata.py:25: UserWarning: pkg_resources is deprecated as an API. See https://setuptools.pypa.io/en/latest/pkg_resources.html. The pkg_resources package is slated for removal as early as 2025-11-30. Refrain from using this package or pin to Setuptools<81.
  from pkg_resources import resource_stream, resource_exists
Using cpu device
mlp before training: mean_reward=-139.29 +/- 0.00
Logging to runs/lunarlander_sac_rbf_smoke/sac-rbf-script-smoke-20260727_204410-seed17/mlp_1
/opt/miniconda3/envs/cybernetic_env/lib/python3.12/site-packages/stable_baselines3/common/callbacks.py:418: UserWarning: Training and eval env are not of the same type<stable_baselines3.common.vec_env.subproc_vec_env.SubprocVecEnv object at 0x10fbc8bc0> != <stable_baselines3.common.vec_env.dummy_vec_env.DummyVecEnv object at 0x11db45b20>
  warnings.warn("Training and eval env are not of the same type" f"{self.training_env} != {self.eval_env}")
Eval num_timesteps=64, episode_reward=-51.25 +/- 0.00
Episode length: 85.00 +/- 0.00
---------------------------------
| eval/              |          |
|    mean_ep_length  | 85       |
|    mean_reward     | -51.2    |
| time/              |          |
|    total_timesteps | 64       |
| train/             |          |
|    actor_loss      | -1.41    |
|    critic_loss     | 2.05     |
|    ent_coef        | 0.999    |
|    ent_coef_loss   | -0.00421 |
|    learning_rate   | 2.28e-05 |
|    n_updates       | 14       |
---------------------------------
New best mean reward!
Wrapping the env in a DummyVecEnv.
mlp after training: mean_reward=-149.78 +/- 0.00

=== Training variant: rbf_64 ===
/opt/miniconda3/envs/cybernetic_env/lib/python3.12/site-packages/pygame/pkgdata.py:25: UserWarning: pkg_resources is deprecated as an API. See https://setuptools.pypa.io/en/latest/pkg_resources.html. The pkg_resources package is slated for removal as early as 2025-11-30. Refrain from using this package or pin to Setuptools<81.
  from pkg_resources import resource_stream, resource_exists
/opt/miniconda3/envs/cybernetic_env/lib/python3.12/site-packages/pygame/pkgdata.py:25: UserWarning: pkg_resources is deprecated as an API. See https://setuptools.pypa.io/en/latest/pkg_resources.html. The pkg_resources package is slated for removal as early as 2025-11-30. Refrain from using this package or pin to Setuptools<81.
  from pkg_resources import resource_stream, resource_exists
Using cpu device
rbf_64 before training: mean_reward=-285.54 +/- 0.00
Logging to runs/lunarlander_sac_rbf_smoke/sac-rbf-script-smoke-20260727_204410-seed17/rbf_64_1
/opt/miniconda3/envs/cybernetic_env/lib/python3.12/site-packages/stable_baselines3/common/callbacks.py:418: UserWarning: Training and eval env are not of the same type<stable_baselines3.common.vec_env.subproc_vec_env.SubprocVecEnv object at 0x11f7de060> != <stable_baselines3.common.vec_env.dummy_vec_env.DummyVecEnv object at 0x11f812c30>
  warnings.warn("Training and eval env are not of the same type" f"{self.training_env} != {self.eval_env}")
Eval num_timesteps=64, episode_reward=-351.17 +/- 0.00
Episode length: 362.00 +/- 0.00
---------------------------------
| eval/              |          |
|    mean_ep_length  | 362      |
|    mean_reward     | -351     |
| time/              |          |
|    total_timesteps | 64       |
| train/             |          |
|    actor_loss      | -1.26    |
|    critic_loss     | 2.66     |
|    ent_coef        | 0.999    |
|    ent_coef_loss   | -0.00426 |
|    learning_rate   | 2.28e-05 |
|    n_updates       | 14       |
---------------------------------
New best mean reward!
Wrapping the env in a DummyVecEnv.
rbf_64 after training: mean_reward=-238.35 +/- 0.00

=== Training variant: rbf_192 ===
/opt/miniconda3/envs/cybernetic_env/lib/python3.12/site-packages/pygame/pkgdata.py:25: UserWarning: pkg_resources is deprecated as an API. See https://setuptools.pypa.io/en/latest/pkg_resources.html. The pkg_resources package is slated for removal as early as 2025-11-30. Refrain from using this package or pin to Setuptools<81.
  from pkg_resources import resource_stream, resource_exists
/opt/miniconda3/envs/cybernetic_env/lib/python3.12/site-packages/pygame/pkgdata.py:25: UserWarning: pkg_resources is deprecated as an API. See https://setuptools.pypa.io/en/latest/pkg_resources.html. The pkg_resources package is slated for removal as early as 2025-11-30. Refrain from using this package or pin to Setuptools<81.
  from pkg_resources import resource_stream, resource_exists
Using cpu device
rbf_192 before training: mean_reward=-280.33 +/- 0.00
Logging to runs/lunarlander_sac_rbf_smoke/sac-rbf-script-smoke-20260727_204410-seed17/rbf_192_1
/opt/miniconda3/envs/cybernetic_env/lib/python3.12/site-packages/stable_baselines3/common/callbacks.py:418: UserWarning: Training and eval env are not of the same type<stable_baselines3.common.vec_env.subproc_vec_env.SubprocVecEnv object at 0x11f812060> != <stable_baselines3.common.vec_env.dummy_vec_env.DummyVecEnv object at 0x11f84afc0>
  warnings.warn("Training and eval env are not of the same type" f"{self.training_env} != {self.eval_env}")
Eval num_timesteps=64, episode_reward=-245.57 +/- 0.00
Episode length: 153.00 +/- 0.00
---------------------------------
| eval/              |          |
|    mean_ep_length  | 153      |
|    mean_reward     | -246     |
| time/              |          |
|    total_timesteps | 64       |
| train/             |          |
|    actor_loss      | -1.25    |
|    critic_loss     | 1.38     |
|    ent_coef        | 0.999    |
|    ent_coef_loss   | -0.00424 |
|    learning_rate   | 2.28e-05 |
|    n_updates       | 14       |
---------------------------------
New best mean reward!
Wrapping the env in a DummyVecEnv.
rbf_192 after training: mean_reward=-378.56 +/- 0.00

=== Training variant: sac_rbf_matched ===
/opt/miniconda3/envs/cybernetic_env/lib/python3.12/site-packages/pygame/pkgdata.py:25: UserWarning: pkg_resources is deprecated as an API. See https://setuptools.pypa.io/en/latest/pkg_resources.html. The pkg_resources package is slated for removal as early as 2025-11-30. Refrain from using this package or pin to Setuptools<81.
  from pkg_resources import resource_stream, resource_exists
/opt/miniconda3/envs/cybernetic_env/lib/python3.12/site-packages/pygame/pkgdata.py:25: UserWarning: pkg_resources is deprecated as an API. See https://setuptools.pypa.io/en/latest/pkg_resources.html. The pkg_resources package is slated for removal as early as 2025-11-30. Refrain from using this package or pin to Setuptools<81.
  from pkg_resources import resource_stream, resource_exists
Using cpu device
sac_rbf_matched before training: mean_reward=-331.27 +/- 0.00
Logging to runs/lunarlander_sac_rbf_smoke/sac-rbf-script-smoke-20260727_204410-seed17/rbf_match_1
/opt/miniconda3/envs/cybernetic_env/lib/python3.12/site-packages/stable_baselines3/common/callbacks.py:418: UserWarning: Training and eval env are not of the same type<stable_baselines3.common.vec_env.subproc_vec_env.SubprocVecEnv object at 0x11967f890> != <stable_baselines3.common.vec_env.dummy_vec_env.DummyVecEnv object at 0x11f86bb60>
  warnings.warn("Training and eval env are not of the same type" f"{self.training_env} != {self.eval_env}")
Eval num_timesteps=64, episode_reward=-124.18 +/- 0.00
Episode length: 69.00 +/- 0.00
---------------------------------
| eval/              |          |
|    mean_ep_length  | 69       |
|    mean_reward     | -124     |
| time/              |          |
|    total_timesteps | 64       |
| train/             |          |
|    actor_loss      | -0.996   |
|    critic_loss     | 1.9      |
|    ent_coef        | 0.999    |
|    ent_coef_loss   | -0.004   |
|    learning_rate   | 2.28e-05 |
|    n_updates       | 14       |
---------------------------------
New best mean reward!
Wrapping the env in a DummyVecEnv.
sac_rbf_matched after training: mean_reward=-139.01 +/- 0.00

=== Training variant: rbf_actor_mlp_critic_64 ===
/opt/miniconda3/envs/cybernetic_env/lib/python3.12/site-packages/pygame/pkgdata.py:25: UserWarning: pkg_resources is deprecated as an API. See https://setuptools.pypa.io/en/latest/pkg_resources.html. The pkg_resources package is slated for removal as early as 2025-11-30. Refrain from using this package or pin to Setuptools<81.
  from pkg_resources import resource_stream, resource_exists
/opt/miniconda3/envs/cybernetic_env/lib/python3.12/site-packages/pygame/pkgdata.py:25: UserWarning: pkg_resources is deprecated as an API. See https://setuptools.pypa.io/en/latest/pkg_resources.html. The pkg_resources package is slated for removal as early as 2025-11-30. Refrain from using this package or pin to Setuptools<81.
  from pkg_resources import resource_stream, resource_exists
Using cpu device
rbf_actor_mlp_critic_64 before training: mean_reward=-285.54 +/- 0.00
Logging to runs/lunarlander_sac_rbf_smoke/sac-rbf-script-smoke-20260727_204410-seed17/rbf_act_mlp64_1
/opt/miniconda3/envs/cybernetic_env/lib/python3.12/site-packages/stable_baselines3/common/callbacks.py:418: UserWarning: Training and eval env are not of the same type<stable_baselines3.common.vec_env.subproc_vec_env.SubprocVecEnv object at 0x11b228440> != <stable_baselines3.common.vec_env.dummy_vec_env.DummyVecEnv object at 0x11f849e80>
  warnings.warn("Training and eval env are not of the same type" f"{self.training_env} != {self.eval_env}")
Eval num_timesteps=64, episode_reward=-428.88 +/- 0.00
Episode length: 323.00 +/- 0.00
---------------------------------
| eval/              |          |
|    mean_ep_length  | 323      |
|    mean_reward     | -429     |
| time/              |          |
|    total_timesteps | 64       |
| train/             |          |
|    actor_loss      | -1.17    |
|    critic_loss     | 2.85     |
|    ent_coef        | 0.999    |
|    ent_coef_loss   | -0.00409 |
|    learning_rate   | 2.28e-05 |
|    n_updates       | 14       |
---------------------------------
New best mean reward!
Wrapping the env in a DummyVecEnv.
rbf_actor_mlp_critic_64 after training: mean_reward=-234.20 +/- 0.00

=== Training variant: rbf_actor_mlp_critic_192 ===
/opt/miniconda3/envs/cybernetic_env/lib/python3.12/site-packages/pygame/pkgdata.py:25: UserWarning: pkg_resources is deprecated as an API. See https://setuptools.pypa.io/en/latest/pkg_resources.html. The pkg_resources package is slated for removal as early as 2025-11-30. Refrain from using this package or pin to Setuptools<81.
  from pkg_resources import resource_stream, resource_exists
/opt/miniconda3/envs/cybernetic_env/lib/python3.12/site-packages/pygame/pkgdata.py:25: UserWarning: pkg_resources is deprecated as an API. See https://setuptools.pypa.io/en/latest/pkg_resources.html. The pkg_resources package is slated for removal as early as 2025-11-30. Refrain from using this package or pin to Setuptools<81.
  from pkg_resources import resource_stream, resource_exists
Using cpu device
rbf_actor_mlp_critic_192 before training: mean_reward=-280.33 +/- 0.00
Logging to runs/lunarlander_sac_rbf_smoke/sac-rbf-script-smoke-20260727_204410-seed17/rbf_act_mlp192_1
/opt/miniconda3/envs/cybernetic_env/lib/python3.12/site-packages/stable_baselines3/common/callbacks.py:418: UserWarning: Training and eval env are not of the same type<stable_baselines3.common.vec_env.subproc_vec_env.SubprocVecEnv object at 0x11f8690a0> != <stable_baselines3.common.vec_env.dummy_vec_env.DummyVecEnv object at 0x11f8696a0>
  warnings.warn("Training and eval env are not of the same type" f"{self.training_env} != {self.eval_env}")
Eval num_timesteps=64, episode_reward=-282.18 +/- 0.00
Episode length: 150.00 +/- 0.00
---------------------------------
| eval/              |          |
|    mean_ep_length  | 150      |
|    mean_reward     | -282     |
| time/              |          |
|    total_timesteps | 64       |
| train/             |          |
|    actor_loss      | -1.26    |
|    critic_loss     | 2.18     |
|    ent_coef        | 0.999    |
|    ent_coef_loss   | -0.00408 |
|    learning_rate   | 2.28e-05 |
|    n_updates       | 14       |
---------------------------------
New best mean reward!
Wrapping the env in a DummyVecEnv.
rbf_actor_mlp_critic_192 after training: mean_reward=-263.69 +/- 0.00

=== Training variant: sac_rbf_actor_mlp_critic_matched ===
/opt/miniconda3/envs/cybernetic_env/lib/python3.12/site-packages/pygame/pkgdata.py:25: UserWarning: pkg_resources is deprecated as an API. See https://setuptools.pypa.io/en/latest/pkg_resources.html. The pkg_resources package is slated for removal as early as 2025-11-30. Refrain from using this package or pin to Setuptools<81.
  from pkg_resources import resource_stream, resource_exists
/opt/miniconda3/envs/cybernetic_env/lib/python3.12/site-packages/pygame/pkgdata.py:25: UserWarning: pkg_resources is deprecated as an API. See https://setuptools.pypa.io/en/latest/pkg_resources.html. The pkg_resources package is slated for removal as early as 2025-11-30. Refrain from using this package or pin to Setuptools<81.
  from pkg_resources import resource_stream, resource_exists
Using cpu device
sac_rbf_actor_mlp_critic_matched before training: mean_reward=-357.56 +/- 0.00
Logging to runs/lunarlander_sac_rbf_smoke/sac-rbf-script-smoke-20260727_204410-seed17/rbf_act_match_1
/opt/miniconda3/envs/cybernetic_env/lib/python3.12/site-packages/stable_baselines3/common/callbacks.py:418: UserWarning: Training and eval env are not of the same type<stable_baselines3.common.vec_env.subproc_vec_env.SubprocVecEnv object at 0x11f868b30> != <stable_baselines3.common.vec_env.dummy_vec_env.DummyVecEnv object at 0x11f8fe720>
  warnings.warn("Training and eval env are not of the same type" f"{self.training_env} != {self.eval_env}")
Eval num_timesteps=64, episode_reward=-132.72 +/- 0.00
Episode length: 67.00 +/- 0.00
---------------------------------
| eval/              |          |
|    mean_ep_length  | 67       |
|    mean_reward     | -133     |
| time/              |          |
|    total_timesteps | 64       |
| train/             |          |
|    actor_loss      | -1.19    |
|    critic_loss     | 1.37     |
|    ent_coef        | 0.999    |
|    ent_coef_loss   | -0.0039  |
|    learning_rate   | 2.28e-05 |
|    n_updates       | 14       |
---------------------------------
New best mean reward!
Wrapping the env in a DummyVecEnv.
sac_rbf_actor_mlp_critic_matched after training: mean_reward=-113.20 +/- 0.00

=== Experiment complete ===
Summary: outputs/lunarlander_sac_rbf_smoke/sac-rbf-script-smoke-20260727_204410-seed17/experiment_summary.json
mlp: final=-149.78, best_eval=-51.249581
rbf_64: final=-238.35, best_eval=-351.166861
rbf_192: final=-378.56, best_eval=-245.566096
sac_rbf_matched: final=-139.01, best_eval=-124.182102
rbf_actor_mlp_critic_64: final=-234.20, best_eval=-428.884415
rbf_actor_mlp_critic_192: final=-263.69, best_eval=-282.176769
sac_rbf_actor_mlp_critic_matched: final=-113.20, best_eval=-132.724433
