==============================================
[3/3] seed=456 device=cuda
started: 2026年 07月 28日 星期二 14:52:10 CST
run_tag: sac-rbf-20260727_222807-seed456
==============================================
CUDA available: NVIDIA GeForce RTX 4070 Laptop GPU

=== Training variant: mlp ===
/home/leopold/anaconda3/envs/sac_sb3_demo/lib/python3.12/site-packages/pygame/pkgdata.py:25: UserWarning: pkg_resources is deprecated as an API. See https://setuptools.pypa.io/en/latest/pkg_resources.html. The pkg_resources package is slated for removal as early as 2025-11-30. Refrain from using this package or pin to Setuptools<81.
  from pkg_resources import resource_stream, resource_exists
/home/leopold/anaconda3/envs/sac_sb3_demo/lib/python3.12/site-packages/pygame/pkgdata.py:25: UserWarning: pkg_resources is deprecated as an API. See https://setuptools.pypa.io/en/latest/pkg_resources.html. The pkg_resources package is slated for removal as early as 2025-11-30. Refrain from using this package or pin to Setuptools<81.
  from pkg_resources import resource_stream, resource_exists
/home/leopold/anaconda3/envs/sac_sb3_demo/lib/python3.12/site-packages/pygame/pkgdata.py:25: UserWarning: pkg_resources is deprecated as an API. See https://setuptools.pypa.io/en/latest/pkg_resources.html. The pkg_resources package is slated for removal as early as 2025-11-30. Refrain from using this package or pin to Setuptools<81.
  from pkg_resources import resource_stream, resource_exists
/home/leopold/anaconda3/envs/sac_sb3_demo/lib/python3.12/site-packages/pygame/pkgdata.py:25: UserWarning: pkg_resources is deprecated as an API. See https://setuptools.pypa.io/en/latest/pkg_resources.html. The pkg_resources package is slated for removal as early as 2025-11-30. Refrain from using this package or pin to Setuptools<81.
  from pkg_resources import resource_stream, resource_exists
/home/leopold/anaconda3/envs/sac_sb3_demo/lib/python3.12/site-packages/pygame/pkgdata.py:25: UserWarning: pkg_resources is deprecated as an API. See https://setuptools.pypa.io/en/latest/pkg_resources.html. The pkg_resources package is slated for removal as early as 2025-11-30. Refrain from using this package or pin to Setuptools<81.
  from pkg_resources import resource_stream, resource_exists
/home/leopold/anaconda3/envs/sac_sb3_demo/lib/python3.12/site-packages/pygame/pkgdata.py:25: UserWarning: pkg_resources is deprecated as an API. See https://setuptools.pypa.io/en/latest/pkg_resources.html. The pkg_resources package is slated for removal as early as 2025-11-30. Refrain from using this package or pin to Setuptools<81.
  from pkg_resources import resource_stream, resource_exists
/home/leopold/anaconda3/envs/sac_sb3_demo/lib/python3.12/site-packages/pygame/pkgdata.py:25: UserWarning: pkg_resources is deprecated as an API. See https://setuptools.pypa.io/en/latest/pkg_resources.html. The pkg_resources package is slated for removal as early as 2025-11-30. Refrain from using this package or pin to Setuptools<81.
  from pkg_resources import resource_stream, resource_exists
/home/leopold/anaconda3/envs/sac_sb3_demo/lib/python3.12/site-packages/pygame/pkgdata.py:25: UserWarning: pkg_resources is deprecated as an API. See https://setuptools.pypa.io/en/latest/pkg_resources.html. The pkg_resources package is slated for removal as early as 2025-11-30. Refrain from using this package or pin to Setuptools<81.
  from pkg_resources import resource_stream, resource_exists
/home/leopold/anaconda3/envs/sac_sb3_demo/lib/python3.12/site-packages/pygame/pkgdata.py:25: UserWarning: pkg_resources is deprecated as an API. See https://setuptools.pypa.io/en/latest/pkg_resources.html. The pkg_resources package is slated for removal as early as 2025-11-30. Refrain from using this package or pin to Setuptools<81.
  from pkg_resources import resource_stream, resource_exists
Using cuda device
mlp before training: mean_reward=-191.09 +/- 128.89
Logging to runs/lunarlander_sac_rbf/sac-rbf-20260727_222807-seed456/mlp_1
/home/leopold/anaconda3/envs/sac_sb3_demo/lib/python3.12/site-packages/stable_baselines3/common/callbacks.py:418: UserWarning: Training and eval env are not of the same type<stable_baselines3.common.vec_env.subproc_vec_env.SubprocVecEnv object at 0x79192bb09970> != <stable_baselines3.common.vec_env.dummy_vec_env.DummyVecEnv object at 0x79191383ac30>
  warnings.warn("Training and eval env are not of the same type" f"{self.training_env} != {self.eval_env}")
---------------------------------
| rollout/           |          |
|    ep_len_mean     | 86.5     |
|    ep_rew_mean     | -159     |
| time/              |          |
|    episodes        | 4        |
|    fps             | 7810     |
|    time_elapsed    | 0        |
|    total_timesteps | 752      |
---------------------------------
---------------------------------
| rollout/           |          |
|    ep_len_mean     | 98.2     |
|    ep_rew_mean     | -144     |
| time/              |          |
|    episodes        | 8        |
|    fps             | 7866     |
|    time_elapsed    | 0        |
|    total_timesteps | 1104     |
---------------------------------
---------------------------------
| rollout/           |          |
|    ep_len_mean     | 98.5     |
|    ep_rew_mean     | -204     |
| time/              |          |
|    episodes        | 12       |
|    fps             | 8665     |
|    time_elapsed    | 0        |
|    total_timesteps | 1592     |
---------------------------------
---------------------------------
| rollout/           |          |
|    ep_len_mean     | 100      |
|    ep_rew_mean     | -209     |
| time/              |          |
|    episodes        | 16       |
|    fps             | 9064     |
|    time_elapsed    | 0        |
|    total_timesteps | 2064     |
---------------------------------
---------------------------------
| rollout/           |          |
|    ep_len_mean     | 104      |
|    ep_rew_mean     | -192     |
| time/              |          |
|    episodes        | 20       |
|    fps             | 9420     |
|    time_elapsed    | 0        |
|    total_timesteps | 2584     |
---------------------------------
---------------------------------
| rollout/           |          |
|    ep_len_mean     | 105      |
|    ep_rew_mean     | -200     |
| time/              |          |
|    episodes        | 24       |
|    fps             | 9434     |
|    time_elapsed    | 0        |
|    total_timesteps | 2896     |
---------------------------------
---------------------------------
| rollout/           |          |
|    ep_len_mean     | 106      |
|    ep_rew_mean     | -202     |
| time/              |          |
|    episodes        | 28       |
|    fps             | 9541     |
|    time_elapsed    | 0        |
|    total_timesteps | 3536     |
---------------------------------
---------------------------------
| rollout/           |          |
|    ep_len_mean     | 107      |
|    ep_rew_mean     | -212     |
| time/              |          |
|    episodes        | 32       |
|    fps             | 9589     |
|    time_elapsed    | 0        |
|    total_timesteps | 3808     |
---------------------------------
---------------------------------
| rollout/           |          |
|    ep_len_mean     | 108      |
|    ep_rew_mean     | -197     |
| time/              |          |
|    episodes        | 36       |
|    fps             | 9792     |
|    time_elapsed    | 0        |
|    total_timesteps | 4512     |
---------------------------------
---------------------------------
| rollout/           |          |
|    ep_len_mean     | 111      |
|    ep_rew_mean     | -193     |
| time/              |          |
|    episodes        | 40       |
|    fps             | 9917     |
|    time_elapsed    | 0        |
|    total_timesteps | 4856     |
---------------------------------
---------------------------------
| rollout/           |          |
|    ep_len_mean     | 111      |
|    ep_rew_mean     | -183     |
| time/              |          |
|    episodes        | 44       |
|    fps             | 9858     |
|    time_elapsed    | 0        |
|    total_timesteps | 5080     |
---------------------------------
---------------------------------
| rollout/           |          |
|    ep_len_mean     | 111      |
|    ep_rew_mean     | -192     |
| time/              |          |
|    episodes        | 48       |
|    fps             | 9988     |
|    time_elapsed    | 0        |
|    total_timesteps | 5744     |
---------------------------------
---------------------------------
| rollout/           |          |
|    ep_len_mean     | 110      |
|    ep_rew_mean     | -198     |
| time/              |          |
|    episodes        | 52       |
|    fps             | 10027    |
|    time_elapsed    | 0        |
|    total_timesteps | 6024     |
---------------------------------
---------------------------------
| rollout/           |          |
|    ep_len_mean     | 110      |
|    ep_rew_mean     | -205     |
| time/              |          |
|    episodes        | 56       |
|    fps             | 10083    |
|    time_elapsed    | 0        |
|    total_timesteps | 6504     |
---------------------------------
---------------------------------
| rollout/           |          |
|    ep_len_mean     | 109      |
|    ep_rew_mean     | -201     |
| time/              |          |
|    episodes        | 60       |
|    fps             | 10125    |
|    time_elapsed    | 0        |
|    total_timesteps | 6904     |
---------------------------------
---------------------------------
| rollout/           |          |
|    ep_len_mean     | 108      |
|    ep_rew_mean     | -194     |
| time/              |          |
|    episodes        | 64       |
|    fps             | 10183    |
|    time_elapsed    | 0        |
|    total_timesteps | 7424     |
---------------------------------
---------------------------------
| rollout/           |          |
|    ep_len_mean     | 108      |
|    ep_rew_mean     | -194     |
| time/              |          |
|    episodes        | 68       |
|    fps             | 10245    |
|    time_elapsed    | 0        |
|    total_timesteps | 7760     |
---------------------------------
---------------------------------
| rollout/           |          |
|    ep_len_mean     | 110      |
|    ep_rew_mean     | -197     |
| time/              |          |
|    episodes        | 72       |
|    fps             | 10332    |
|    time_elapsed    | 0        |
|    total_timesteps | 8232     |
---------------------------------
---------------------------------
| rollout/           |          |
|    ep_len_mean     | 108      |
|    ep_rew_mean     | -199     |
| time/              |          |
|    episodes        | 76       |
|    fps             | 10308    |
|    time_elapsed    | 0        |
|    total_timesteps | 8800     |
---------------------------------
---------------------------------
| rollout/           |          |
|    ep_len_mean     | 109      |
|    ep_rew_mean     | -203     |
| time/              |          |
|    episodes        | 80       |
|    fps             | 10329    |
|    time_elapsed    | 0        |
|    total_timesteps | 9128     |
---------------------------------
---------------------------------
| rollout/           |          |
|    ep_len_mean     | 109      |
|    ep_rew_mean     | -209     |
| time/              |          |
|    episodes        | 84       |
|    fps             | 10251    |
|    time_elapsed    | 0        |
|    total_timesteps | 9488     |
---------------------------------
---------------------------------
| rollout/           |          |
|    ep_len_mean     | 108      |
|    ep_rew_mean     | -208     |
| time/              |          |
|    episodes        | 88       |
|    fps             | 10282    |
|    time_elapsed    | 0        |
|    total_timesteps | 9992     |
---------------------------------
Eval num_timesteps=10000, episode_reward=-206.71 +/- 98.12
Episode length: 170.20 +/- 95.11
---------------------------------
| eval/              |          |
|    mean_ep_length  | 170      |
|    mean_reward     | -207     |
| time/              |          |
|    total_timesteps | 10000    |
---------------------------------
