==============================================
[1/2] baseline seed=17 device=cpu
started: Mon Jul 27 18:25:02 CST 2026
run_tag: sac-scale-script-smoke-20260727_182502-baseline-seed17
==============================================
Matplotlib is building the font cache; this may take a moment.
/opt/miniconda3/envs/cybernetic_env/lib/python3.12/site-packages/pygame/pkgdata.py:25: UserWarning: pkg_resources is deprecated as an API. See https://setuptools.pypa.io/en/latest/pkg_resources.html. The pkg_resources package is slated for removal as early as 2025-11-30. Refrain from using this package or pin to Setuptools<81.
  from pkg_resources import resource_stream, resource_exists

=== Training variant: mlp ===
Using cpu device
mlp before training: mean_reward=-137.15 +/- 21.66
Logging to runs/lunarlander_baseline/sac-scale-script-smoke-20260727_182502-baseline-seed17/mlp_1
Eval num_timesteps=64, episode_reward=-131.72 +/- 22.92
Episode length: 66.60 +/- 10.67
---------------------------------
| eval/              |          |
|    mean_ep_length  | 66.6     |
|    mean_reward     | -132     |
| time/              |          |
|    total_timesteps | 64       |
---------------------------------
New best mean reward!
Eval num_timesteps=128, episode_reward=-134.73 +/- 39.57
Episode length: 74.00 +/- 14.86
---------------------------------
| eval/              |          |
|    mean_ep_length  | 74       |
|    mean_reward     | -135     |
| time/              |          |
|    total_timesteps | 128      |
| train/             |          |
|    actor_loss      | 0.237    |
|    critic_loss     | 116      |
|    ent_coef        | 0.989    |
|    ent_coef_loss   | -0.0358  |
|    learning_rate   | 5.7e-06  |
|    n_updates       | 63       |
---------------------------------
Wrapping the env in a DummyVecEnv.
mlp after training: mean_reward=-120.44 +/- 62.62

=== Experiment complete ===
Summary: outputs/lunarlander_baseline/sac-scale-script-smoke-20260727_182502-baseline-seed17/experiment_summary_mlp.json
mlp: final=-120.44, best_eval=-131.7248865
