==============================================
[2/2] parallel_2env seed=17 device=cpu
started: Mon Jul 27 18:25:19 CST 2026
run_tag: sac-scale-script-smoke-20260727_182502-parallel_2env-seed17
==============================================

=== Training variant: mlp ===
/opt/miniconda3/envs/cybernetic_env/lib/python3.12/site-packages/pygame/pkgdata.py:25: UserWarning: pkg_resources is deprecated as an API. See https://setuptools.pypa.io/en/latest/pkg_resources.html. The pkg_resources package is slated for removal as early as 2025-11-30. Refrain from using this package or pin to Setuptools<81.
  from pkg_resources import resource_stream, resource_exists
/opt/miniconda3/envs/cybernetic_env/lib/python3.12/site-packages/pygame/pkgdata.py:25: UserWarning: pkg_resources is deprecated as an API. See https://setuptools.pypa.io/en/latest/pkg_resources.html. The pkg_resources package is slated for removal as early as 2025-11-30. Refrain from using this package or pin to Setuptools<81.
  from pkg_resources import resource_stream, resource_exists
/opt/miniconda3/envs/cybernetic_env/lib/python3.12/site-packages/pygame/pkgdata.py:25: UserWarning: pkg_resources is deprecated as an API. See https://setuptools.pypa.io/en/latest/pkg_resources.html. The pkg_resources package is slated for removal as early as 2025-11-30. Refrain from using this package or pin to Setuptools<81.
  from pkg_resources import resource_stream, resource_exists
Using cpu device
mlp before training: mean_reward=-132.39 +/- 16.48
Logging to runs/lunarlander_parallel_2env/sac-scale-script-smoke-20260727_182502-parallel_2env-seed17/mlp_1
/opt/miniconda3/envs/cybernetic_env/lib/python3.12/site-packages/stable_baselines3/common/callbacks.py:418: UserWarning: Training and eval env are not of the same type<stable_baselines3.common.vec_env.subproc_vec_env.SubprocVecEnv object at 0x12006cc80> != <stable_baselines3.common.vec_env.dummy_vec_env.DummyVecEnv object at 0x13381c8c0>
  warnings.warn("Training and eval env are not of the same type" f"{self.training_env} != {self.eval_env}")
Eval num_timesteps=64, episode_reward=-128.41 +/- 11.48
Episode length: 66.70 +/- 14.89
---------------------------------
| eval/              |          |
|    mean_ep_length  | 66.7     |
|    mean_reward     | -128     |
| time/              |          |
|    total_timesteps | 64       |
---------------------------------
New best mean reward!
Eval num_timesteps=128, episode_reward=-142.22 +/- 64.36
Episode length: 68.80 +/- 14.68
---------------------------------
| eval/              |          |
|    mean_ep_length  | 68.8     |
|    mean_reward     | -142     |
| time/              |          |
|    total_timesteps | 128      |
| train/             |          |
|    actor_loss      | -1.43    |
|    critic_loss     | 1.02     |
|    ent_coef        | 0.989    |
|    ent_coef_loss   | -0.0348  |
|    learning_rate   | 1.14e-05 |
|    n_updates       | 62       |
---------------------------------
Wrapping the env in a DummyVecEnv.
mlp after training: mean_reward=-131.74 +/- 22.87

=== Experiment complete ===
Summary: outputs/lunarlander_parallel_2env/sac-scale-script-smoke-20260727_182502-parallel_2env-seed17/experiment_summary_mlp.json
mlp: final=-131.74, best_eval=-128.41297079999998
